###############################################################################
#
# IAR ELF Linker V7.40.3.8902/W32 for ARM                 07/Feb/2017  17:55:59
# Copyright 2007-2015 IAR Systems AB.
#
#    Output file  =  
#        C:\Freescale\KM128SWDRV_R4_1_6\build\iar_7_40_freertos\projects\gpioqueue_test\Release\Exe\project.out
#    Map file     =  
#        C:\Freescale\KM128SWDRV_R4_1_6\build\iar_7_40_freertos\projects\gpioqueue_test\Release\List\project.map
#    Command line =  
#        C:\Freescale\KM128SWDRV_R4_1_6\build\iar_7_40_freertos\projects\gpioqueue_test\Release\Obj\adc.o
#        C:\Freescale\KM128SWDRV_R4_1_6\build\iar_7_40_freertos\projects\gpioqueue_test\Release\Obj\afe.o
#        C:\Freescale\KM128SWDRV_R4_1_6\build\iar_7_40_freertos\projects\gpioqueue_test\Release\Obj\aips.o
#        C:\Freescale\KM128SWDRV_R4_1_6\build\iar_7_40_freertos\projects\gpioqueue_test\Release\Obj\arch_delay.o
#        C:\Freescale\KM128SWDRV_R4_1_6\build\iar_7_40_freertos\projects\gpioqueue_test\Release\Obj\arm_cm0.o
#        C:\Freescale\KM128SWDRV_R4_1_6\build\iar_7_40_freertos\projects\gpioqueue_test\Release\Obj\cmp.o
#        C:\Freescale\KM128SWDRV_R4_1_6\build\iar_7_40_freertos\projects\gpioqueue_test\Release\Obj\crc.o
#        C:\Freescale\KM128SWDRV_R4_1_6\build\iar_7_40_freertos\projects\gpioqueue_test\Release\Obj\croutine.o
#        C:\Freescale\KM128SWDRV_R4_1_6\build\iar_7_40_freertos\projects\gpioqueue_test\Release\Obj\crt0.o
#        C:\Freescale\KM128SWDRV_R4_1_6\build\iar_7_40_freertos\projects\gpioqueue_test\Release\Obj\dma.o
#        C:\Freescale\KM128SWDRV_R4_1_6\build\iar_7_40_freertos\projects\gpioqueue_test\Release\Obj\event_groups.o
#        C:\Freescale\KM128SWDRV_R4_1_6\build\iar_7_40_freertos\projects\gpioqueue_test\Release\Obj\ewm.o
#        C:\Freescale\KM128SWDRV_R4_1_6\build\iar_7_40_freertos\projects\gpioqueue_test\Release\Obj\fll.o
#        C:\Freescale\KM128SWDRV_R4_1_6\build\iar_7_40_freertos\projects\gpioqueue_test\Release\Obj\freemaster_appcmd.o
#        C:\Freescale\KM128SWDRV_R4_1_6\build\iar_7_40_freertos\projects\gpioqueue_test\Release\Obj\freemaster_bdm.o
#        C:\Freescale\KM128SWDRV_R4_1_6\build\iar_7_40_freertos\projects\gpioqueue_test\Release\Obj\freemaster_Kxx.o
#        C:\Freescale\KM128SWDRV_R4_1_6\build\iar_7_40_freertos\projects\gpioqueue_test\Release\Obj\freemaster_protocol.o
#        C:\Freescale\KM128SWDRV_R4_1_6\build\iar_7_40_freertos\projects\gpioqueue_test\Release\Obj\freemaster_rec.o
#        C:\Freescale\KM128SWDRV_R4_1_6\build\iar_7_40_freertos\projects\gpioqueue_test\Release\Obj\freemaster_scope.o
#        C:\Freescale\KM128SWDRV_R4_1_6\build\iar_7_40_freertos\projects\gpioqueue_test\Release\Obj\freemaster_serial.o
#        C:\Freescale\KM128SWDRV_R4_1_6\build\iar_7_40_freertos\projects\gpioqueue_test\Release\Obj\freemaster_tsa.o
#        C:\Freescale\KM128SWDRV_R4_1_6\build\iar_7_40_freertos\projects\gpioqueue_test\Release\Obj\ftfa.o
#        C:\Freescale\KM128SWDRV_R4_1_6\build\iar_7_40_freertos\projects\gpioqueue_test\Release\Obj\gpio.o
#        C:\Freescale\KM128SWDRV_R4_1_6\build\iar_7_40_freertos\projects\gpioqueue_test\Release\Obj\gpioqueue_test.o
#        C:\Freescale\KM128SWDRV_R4_1_6\build\iar_7_40_freertos\projects\gpioqueue_test\Release\Obj\heap_1.o
#        C:\Freescale\KM128SWDRV_R4_1_6\build\iar_7_40_freertos\projects\gpioqueue_test\Release\Obj\heap_2.o
#        C:\Freescale\KM128SWDRV_R4_1_6\build\iar_7_40_freertos\projects\gpioqueue_test\Release\Obj\heap_3.o
#        C:\Freescale\KM128SWDRV_R4_1_6\build\iar_7_40_freertos\projects\gpioqueue_test\Release\Obj\heap_4.o
#        C:\Freescale\KM128SWDRV_R4_1_6\build\iar_7_40_freertos\projects\gpioqueue_test\Release\Obj\heap_5.o
#        C:\Freescale\KM128SWDRV_R4_1_6\build\iar_7_40_freertos\projects\gpioqueue_test\Release\Obj\i2c.o
#        C:\Freescale\KM128SWDRV_R4_1_6\build\iar_7_40_freertos\projects\gpioqueue_test\Release\Obj\irtc.o
#        C:\Freescale\KM128SWDRV_R4_1_6\build\iar_7_40_freertos\projects\gpioqueue_test\Release\Obj\list.o
#        C:\Freescale\KM128SWDRV_R4_1_6\build\iar_7_40_freertos\projects\gpioqueue_test\Release\Obj\llwu.o
#        C:\Freescale\KM128SWDRV_R4_1_6\build\iar_7_40_freertos\projects\gpioqueue_test\Release\Obj\lptmr.o
#        C:\Freescale\KM128SWDRV_R4_1_6\build\iar_7_40_freertos\projects\gpioqueue_test\Release\Obj\mcm.o
#        C:\Freescale\KM128SWDRV_R4_1_6\build\iar_7_40_freertos\projects\gpioqueue_test\Release\Obj\mpu.o
#        C:\Freescale\KM128SWDRV_R4_1_6\build\iar_7_40_freertos\projects\gpioqueue_test\Release\Obj\osc.o
#        C:\Freescale\KM128SWDRV_R4_1_6\build\iar_7_40_freertos\projects\gpioqueue_test\Release\Obj\osc32k.o
#        C:\Freescale\KM128SWDRV_R4_1_6\build\iar_7_40_freertos\projects\gpioqueue_test\Release\Obj\pit.o
#        C:\Freescale\KM128SWDRV_R4_1_6\build\iar_7_40_freertos\projects\gpioqueue_test\Release\Obj\pll.o
#        C:\Freescale\KM128SWDRV_R4_1_6\build\iar_7_40_freertos\projects\gpioqueue_test\Release\Obj\pmc.o
#        C:\Freescale\KM128SWDRV_R4_1_6\build\iar_7_40_freertos\projects\gpioqueue_test\Release\Obj\port.o
#        C:\Freescale\KM128SWDRV_R4_1_6\build\iar_7_40_freertos\projects\gpioqueue_test\Release\Obj\portasm.o
#        C:\Freescale\KM128SWDRV_R4_1_6\build\iar_7_40_freertos\projects\gpioqueue_test\Release\Obj\queue.o
#        C:\Freescale\KM128SWDRV_R4_1_6\build\iar_7_40_freertos\projects\gpioqueue_test\Release\Obj\rcm.o
#        C:\Freescale\KM128SWDRV_R4_1_6\build\iar_7_40_freertos\projects\gpioqueue_test\Release\Obj\rnga.o
#        C:\Freescale\KM128SWDRV_R4_1_6\build\iar_7_40_freertos\projects\gpioqueue_test\Release\Obj\sim.o
#        C:\Freescale\KM128SWDRV_R4_1_6\build\iar_7_40_freertos\projects\gpioqueue_test\Release\Obj\smc.o
#        C:\Freescale\KM128SWDRV_R4_1_6\build\iar_7_40_freertos\projects\gpioqueue_test\Release\Obj\spi.o
#        C:\Freescale\KM128SWDRV_R4_1_6\build\iar_7_40_freertos\projects\gpioqueue_test\Release\Obj\start.o
#        C:\Freescale\KM128SWDRV_R4_1_6\build\iar_7_40_freertos\projects\gpioqueue_test\Release\Obj\startup.o
#        C:\Freescale\KM128SWDRV_R4_1_6\build\iar_7_40_freertos\projects\gpioqueue_test\Release\Obj\svcall_isr.o
#        C:\Freescale\KM128SWDRV_R4_1_6\build\iar_7_40_freertos\projects\gpioqueue_test\Release\Obj\swisr.o
#        C:\Freescale\KM128SWDRV_R4_1_6\build\iar_7_40_freertos\projects\gpioqueue_test\Release\Obj\syst.o
#        C:\Freescale\KM128SWDRV_R4_1_6\build\iar_7_40_freertos\projects\gpioqueue_test\Release\Obj\system.o
#        C:\Freescale\KM128SWDRV_R4_1_6\build\iar_7_40_freertos\projects\gpioqueue_test\Release\Obj\tasks.o
#        C:\Freescale\KM128SWDRV_R4_1_6\build\iar_7_40_freertos\projects\gpioqueue_test\Release\Obj\timers.o
#        C:\Freescale\KM128SWDRV_R4_1_6\build\iar_7_40_freertos\projects\gpioqueue_test\Release\Obj\tmr.o
#        C:\Freescale\KM128SWDRV_R4_1_6\build\iar_7_40_freertos\projects\gpioqueue_test\Release\Obj\uart.o
#        C:\Freescale\KM128SWDRV_R4_1_6\build\iar_7_40_freertos\projects\gpioqueue_test\Release\Obj\vref.o
#        C:\Freescale\KM128SWDRV_R4_1_6\build\iar_7_40_freertos\projects\gpioqueue_test\Release\Obj\wdog.o
#        C:\Freescale\KM128SWDRV_R4_1_6\build\iar_7_40_freertos\projects\gpioqueue_test\Release\Obj\xbar.o
#        -o
#        C:\Freescale\KM128SWDRV_R4_1_6\build\iar_7_40_freertos\projects\gpioqueue_test\Release\Exe\project.out
#        --map
#        C:\Freescale\KM128SWDRV_R4_1_6\build\iar_7_40_freertos\projects\gpioqueue_test\Release\List\project.map
#        --config
#        C:\Freescale\KM128SWDRV_R4_1_6\build\iar_7_40_freertos\projects\gpioqueue_test\..\..\..\..\src\toolchain\iar\config\MKMxxZ128_flash.icf
#        --entry __iar_program_start --inline --no_exceptions --no_vfe
#
###############################################################################

*******************************************************************************
*** RUNTIME MODEL ATTRIBUTES
***

CppFlavor       = *
__SystemLibrary = DLib


*******************************************************************************
*** PLACEMENT SUMMARY
***

"A1":  place at 0x00000000 { ro section .intvec };
"A2":  place at 0x00000400 { ro section .memcfg };
"P1":  place in [from 0x00000000 to 0x0001ffff] { ro, block CodeRelocate };
"P2":  place in [from 0x1ffff000 to 0x20002fff] {
          rw, block CodeRelocateRam, block HEAP, block CSTACK };

  Section              Kind        Address    Size  Object
  -------              ----        -------    ----  ------
"A1":                                         0xc0
  .intvec              const    0x00000000    0xc0  system.o [1]
                              - 0x000000c0    0xc0

"P1", part 1 of 2:                             0x0
  CodeRelocate                  0x000000c0     0x0  <Block>

"A2":                                         0x10
  .memcfg              const    0x00000400    0x10  system.o [1]
                              - 0x00000410    0x10

"P1", part 2 of 2:                          0x21a2
  .text                ro code  0x00000410   0x618  queue.o [1]
  .text                ro code  0x00000a28    0xe0  port.o [1]
  .text                ro code  0x00000b08   0x5fc  tasks.o [1]
  .text                ro code  0x00001104    0x90  list.o [1]
  .text                ro code  0x00001194    0x60  heap_1.o [1]
  .text                ro code  0x000011f4    0x5c  ABImemcpy.o [4]
  CODE                 ro code  0x00001250    0x74  portasm.o [1]
  .text                ro code  0x000012c4   0x2d0  timers.o [1]
  .text                ro code  0x00001594   0x254  irtc.o [1]
  .text                ro code  0x000017e8   0x1b4  uart.o [1]
  .text                ro code  0x0000199c   0x18c  tmr.o [1]
  .text                ro code  0x00001b28   0x16c  i2c.o [1]
  .text                ro code  0x00001c94   0x144  gpioqueue_test.o [1]
  .text                ro code  0x00001dd8   0x140  gpio.o [1]
  .text                ro code  0x00001f18    0xc4  spi.o [1]
  .text                ro code  0x00001fdc    0xc0  afe.o [1]
  .text                ro code  0x0000209c    0xb0  dma.o [1]
  .data_init                    0x0000214c    0xb0  <Block>
    Initializer bytes  const    0x0000214c    0xb0  <for .data-1>
  .text                ro code  0x000021fc    0x9c  cmp.o [1]
  .text                ro code  0x00002298    0x74  adc.o [1]
  .text                ro code  0x0000230c    0x70  start.o [1]
  .text                ro code  0x0000237c    0x60  startup.o [1]
  .text                ro code  0x000023dc    0x68  pit.o [1]
  .text                ro code  0x00002444    0x4c  pmc.o [1]
  .text                ro code  0x00002490    0x48  llwu.o [1]
  .text                ro code  0x000024d8    0x38  swisr.o [1]
  .text                ro code  0x00002510    0x24  svcall_isr.o [1]
  .text                ro code  0x00002534    0x20  rnga.o [1]
  .text                ro code  0x00002554    0x20  xbar.o [1]
  .text                ro code  0x00002574    0x1c  lptmr.o [1]
  .text                ro code  0x00002590    0x18  crt0.o [1]
  .text                ro code  0x000025a8     0x6  system.o [1]
  .text                ro code  0x000025ae     0x2  wdog.o [1]
  .text                ro code  0x000025b0     0x2  ftfa.o [1]
                              - 0x000025b2  0x21a2

"P2":                                       0x30f0
  .data                         0x1ffff000    0xb0  <Block>
    .data-1                     0x1ffff000    0xb0  <Init block>
      .data            inited   0x1ffff000     0x4  port.o [1]
      .data            inited   0x1ffff004    0xac  tasks.o [1]
  .bss                          0x1ffff0b0  0x3040  <Block>
    .bss               uninit   0x1ffff0b0     0x4  adc.o [1]
    .bss               uninit   0x1ffff0b4     0x4  afe.o [1]
    .bss               uninit   0x1ffff0b8     0x4  afe.o [1]
    .bss               uninit   0x1ffff0bc     0x4  afe.o [1]
    .bss               uninit   0x1ffff0c0     0x4  afe.o [1]
    .bss               uninit   0x1ffff0c4     0x4  arm_cm0.o [1]
    .bss               uninit   0x1ffff0c8     0x4  cmp.o [1]
    .bss               uninit   0x1ffff0cc     0x4  dma.o [1]
    .bss               uninit   0x1ffff0d0     0x4  dma.o [1]
    .bss               uninit   0x1ffff0d4     0x4  dma.o [1]
    .bss               uninit   0x1ffff0d8     0x4  dma.o [1]
    .bss               uninit   0x1ffff0dc     0x4  gpio.o [1]
    .bss               uninit   0x1ffff0e0     0x4  gpioqueue_test.o [1]
    .bss               uninit   0x1ffff0e4  0x2ee8  heap_1.o [1]
    .bss               uninit   0x20001fcc     0x4  i2c.o [1]
    .bss               uninit   0x20001fd0    0x10  irtc.o [1]
    .bss               uninit   0x20001fe0     0x4  llwu.o [1]
    .bss               uninit   0x20001fe4     0x4  lptmr.o [1]
    .bss               uninit   0x20001fe8     0x4  pit.o [1]
    .bss               uninit   0x20001fec     0x4  pmc.o [1]
    .bss               uninit   0x20001ff0    0x50  queue.o [1]
    .bss               uninit   0x20002040     0x4  rnga.o [1]
    .bss               uninit   0x20002044     0x8  spi.o [1]
    .bss               uninit   0x2000204c     0x8  spi.o [1]
    .bss               uninit   0x20002054     0x4  swisr.o [1]
    .bss               uninit   0x20002058     0x4  swisr.o [1]
    .bss               uninit   0x2000205c     0x4  swisr.o [1]
    .bss               uninit   0x20002060    0x3c  tasks.o [1]
    .bss               uninit   0x2000209c    0x38  timers.o [1]
    .bss               uninit   0x200020d4     0x4  tmr.o [1]
    .bss               uninit   0x200020d8     0x4  tmr.o [1]
    .bss               uninit   0x200020dc     0x4  tmr.o [1]
    .bss               uninit   0x200020e0     0x4  tmr.o [1]
    .bss               uninit   0x200020e4     0x4  uart.o [1]
    .bss               uninit   0x200020e8     0x4  uart.o [1]
    .bss               uninit   0x200020ec     0x4  xbar.o [1]
  CodeRelocateRam               0x200020f0     0x0  <Block>
                              - 0x200020f0  0x30f0



*******************************************************************************
*** MODULE SUMMARY
***

    Module            ro code  ro data  rw data
    ------            -------  -------  -------
C:\Freescale\KM128SWDRV_R4_1_6\build\iar_7_40_freertos\projects\gpioqueue_test\Release\Obj: [1]
    adc.o                 116                 4
    afe.o                 192                16
    arm_cm0.o                                 4
    cmp.o                 156                 4
    crt0.o                 24
    dma.o                 176                16
    ftfa.o                  2
    gpio.o                320                 4
    gpioqueue_test.o      324                 4
    heap_1.o               96            12 008
    i2c.o                 364                 4
    irtc.o                596                16
    list.o                144
    llwu.o                 72                 4
    lptmr.o                28                 4
    pit.o                 104                 4
    pmc.o                  76                 4
    port.o                224        4        4
    portasm.o             116
    queue.o             1 560                80
    rnga.o                 32                 4
    spi.o                 196                16
    start.o               112
    startup.o              96
    svcall_isr.o           36
    swisr.o                56                12
    system.o                6      208
    tasks.o             1 532      172      232
    timers.o              720                56
    tmr.o                 396                16
    uart.o                436                 8
    wdog.o                  2
    xbar.o                 32                 4
    -------------------------------------------
    Total:              8 342      384   12 528

command line: [2]
    -------------------------------------------
    Total:

dl6M_tln.a: [3]
    -------------------------------------------
    Total:

rt6M_tl.a: [4]
    ABImemcpy.o            92
    -------------------------------------------
    Total:                 92

-----------------------------------------------
    Grand Total:        8 434      384   12 528


*******************************************************************************
*** ENTRY LIST
***

Entry                      Address    Size  Type      Object
-----                      -------    ----  ----      ------
.bss$$Base              0x1ffff0b0           --   Gb  - Linker created -
.bss$$Limit             0x200020f0           --   Gb  - Linker created -
.data$$Base             0x1ffff000           --   Gb  - Linker created -
.data$$Limit            0x1ffff0b0           --   Gb  - Linker created -
.data_init$$Base        0x0000214c           --   Gb  - Linker created -
.data_init$$Limit       0x000021fc           --   Gb  - Linker created -
CodeRelocate$$Base      0x000000c0           --   Gb  - Linker created -
CodeRelocate$$Limit     0x000000c0           --   Gb  - Linker created -
CodeRelocateRam$$Base   0x200020f0           --   Gb  - Linker created -
CodeRelocateRam$$Limit  0x200020f0           --   Gb  - Linker created -
PORTE_Init              0x00001dd9    0x2c  Code  Gb  gpio.o [1]
Region$$Table$$Base     0x00000000           --   Gb  - Linker created -
Region$$Table$$Limit    0x00000000           --   Gb  - Linker created -
__aeabi_memcpy          0x000011f5          Code  Gb  ABImemcpy.o [4]
__iar_program_start     0x00002591          Code  Gb  crt0.o [1]
__memcfg_table          0x00000400    0x10  Data  Gb  system.o [1]
__vector_table          0x00000000    0xc0  Data  Gb  system.o [1]
adc_isr                 0x00002299    0x6c  Code  Wk  adc.o [1]
afe0_isr                0x00001fdd    0x28  Code  Wk  afe.o [1]
afe1_isr                0x00002005    0x28  Code  Wk  afe.o [1]
afe2_isr                0x0000202d    0x28  Code  Wk  afe.o [1]
afe3_isr                0x00002055    0x28  Code  Wk  afe.o [1]
cmpx_isr                0x000021fd    0x8a  Code  Wk  cmp.o [1]
default_isr             0x000025a9     0x2  Code  Wk  system.o [1]
dma0_isr                0x0000209d    0x24  Code  Wk  dma.o [1]
dma1_isr                0x000020c1    0x24  Code  Wk  dma.o [1]
dma2_isr                0x000020e5    0x24  Code  Wk  dma.o [1]
dma3_isr                0x00002109    0x24  Code  Wk  dma.o [1]
ewm_isr                 0x000024e7     0xe  Code  Gb  swisr.o [1]
ftfa_isr                0x000025b1     0x2  Code  Wk  ftfa.o [1]
hardfault_isr           0x000025ab     0x2  Code  Wk  system.o [1]
i2cx_isr                0x00001b29   0x15a  Code  Wk  i2c.o [1]
irtc_isr                0x00001595   0x244  Code  Wk  irtc.o [1]
llwu_isr                0x00002491    0x3e  Code  Wk  llwu.o [1]
lptmr_isr               0x00002575    0x14  Code  Wk  lptmr.o [1]
main                    0x00001c95    0x92  Code  Gb  gpioqueue_test.o [1]
mcg_isr                 0x000024f5     0xe  Code  Gb  swisr.o [1]
nmi_isr                 0x000025ad     0x2  Code  Wk  system.o [1]
pCallback0              0x20002054     0x4  Data  Lc  swisr.o [1]
pCallback1              0x20002058     0x4  Data  Lc  swisr.o [1]
pCallback2              0x2000205c     0x4  Data  Lc  swisr.o [1]
pCallbackADC            0x1ffff0b0     0x4  Data  Lc  adc.o [1]
pCallbackAFE_CH0        0x1ffff0b4     0x4  Data  Lc  afe.o [1]
pCallbackAFE_CH1        0x1ffff0b8     0x4  Data  Lc  afe.o [1]
pCallbackAFE_CH2        0x1ffff0bc     0x4  Data  Lc  afe.o [1]
pCallbackAFE_CH3        0x1ffff0c0     0x4  Data  Lc  afe.o [1]
pCallbackCMPx           0x1ffff0c8     0x4  Data  Lc  cmp.o [1]
pCallbackDMA0           0x1ffff0cc     0x4  Data  Lc  dma.o [1]
pCallbackDMA1           0x1ffff0d0     0x4  Data  Lc  dma.o [1]
pCallbackDMA2           0x1ffff0d4     0x4  Data  Lc  dma.o [1]
pCallbackDMA3           0x1ffff0d8     0x4  Data  Lc  dma.o [1]
pCallbackI2Cx           0x20001fcc     0x4  Data  Lc  i2c.o [1]
pCallbackIRTC           0x20001fdc     0x4  Data  Lc  irtc.o [1]
pCallbackLLWU           0x20001fe0     0x4  Data  Lc  llwu.o [1]
pCallbackLPTMR          0x20001fe4     0x4  Data  Lc  lptmr.o [1]
pCallbackPITx           0x20001fe8     0x4  Data  Lc  pit.o [1]
pCallbackPMC            0x20001fec     0x4  Data  Lc  pmc.o [1]
pCallbackPTx            0x1ffff0dc     0x4  Data  Lc  gpio.o [1]
pCallbackRNGA           0x20002040     0x4  Data  Lc  rnga.o [1]
pCallbackSPI0           0x20002044     0x4  Data  Lc  spi.o [1]
pCallbackSPI1           0x2000204c     0x4  Data  Lc  spi.o [1]
pCallbackSS0            0x20002048     0x4  Data  Lc  spi.o [1]
pCallbackSS1            0x20002050     0x4  Data  Lc  spi.o [1]
pCallbackSVC            0x1ffff0c4     0x4  Data  Gb  arm_cm0.o [1]
pCallbackTMR0           0x200020d4     0x4  Data  Lc  tmr.o [1]
pCallbackTMR1           0x200020d8     0x4  Data  Lc  tmr.o [1]
pCallbackTMR2           0x200020dc     0x4  Data  Lc  tmr.o [1]
pCallbackTMR3           0x200020e0     0x4  Data  Lc  tmr.o [1]
pCallbackUART0_UART1    0x200020e4     0x4  Data  Lc  uart.o [1]
pCallbackUART2_UART3    0x200020e8     0x4  Data  Lc  uart.o [1]
pCallbackXBAR           0x200020ec     0x4  Data  Lc  xbar.o [1]
pendsv_isr              0x00001257          Code  Gb  portasm.o [1]
pitx_isr                0x000023dd    0x58  Code  Wk  pit.o [1]
pmc_isr                 0x00002445    0x40  Code  Wk  pmc.o [1]
portx_isr               0x00001e05    0xe4  Code  Wk  gpio.o [1]
prvCheckForValidListAndQueue
                        0x0000153d    0x4c  Code  Lc  timers.o [1]
prvIdleTask             0x000010c7    0x10  Code  Lc  tasks.o [1]
prvProcessExpiredTimer  0x00001301    0x76  Code  Lc  timers.o [1]
prvProcessReceivedCommands
                        0x000013e1    0xe8  Code  Lc  timers.o [1]
prvQueueRxTask          0x00001d59    0x32  Code  Lc  gpioqueue_test.o [1]
prvQueueTxTask          0x00001d29    0x2e  Code  Lc  gpioqueue_test.o [1]
prvSwitchTimerLists     0x000014cd    0x6c  Code  Lc  timers.o [1]
prvTaskExitError        0x00000a49    0x14  Code  Lc  port.o [1]
prvTimerTask            0x00001377    0x68  Code  Lc  timers.o [1]
pvPortMalloc            0x00001195    0x4a  Code  Gb  heap_1.o [1]
pxCurrentTCB            0x1ffff004     0x4  Data  Gb  tasks.o [1]
pxCurrentTimerList      0x2000209c     0x4  Data  Lc  timers.o [1]
pxDelayedTaskList       0x1ffff06c     0x4  Data  Lc  tasks.o [1]
pxOverflowDelayedTaskList
                        0x1ffff070     0x4  Data  Lc  tasks.o [1]
pxOverflowTimerList     0x200020a0     0x4  Data  Lc  timers.o [1]
pxPortInitialiseStack   0x00000a29    0x1e  Code  Gb  port.o [1]
pxReadyTasksLists       0x1ffff008    0x64  Data  Lc  tasks.o [1]
rnga_isr                0x00002535    0x14  Code  Wk  rnga.o [1]
slcd_isr                0x000024d9     0xe  Code  Gb  swisr.o [1]
spi0_isr                0x00001f19    0x4c  Code  Wk  spi.o [1]
spi1_isr                0x00001f65    0x68  Code  Wk  spi.o [1]
start                   0x0000230d    0x46  Code  Gb  start.o [1]
startup                 0x0000237d    0x60  Code  Gb  startup.o [1]
svcall_isr              0x00002511          Code  Wk  svcall_isr.o [1]
syst_isr                0x00000ad1    0x20  Code  Gb  port.o [1]
tmr0_isr                0x0000199d    0x54  Code  Wk  tmr.o [1]
tmr1_isr                0x000019f5    0x54  Code  Wk  tmr.o [1]
tmr2_isr                0x00001a4d    0x54  Code  Wk  tmr.o [1]
tmr3_isr                0x00001aa5    0x54  Code  Wk  tmr.o [1]
uart01_isr              0x000017e9    0xcc  Code  Wk  uart.o [1]
uart23_isr              0x000018b9    0xcc  Code  Wk  uart.o [1]
ucHeap                  0x1ffff0ec  0x2ee0  Data  Lc  heap_1.o [1]
ulSetInterruptMaskFromISR
                        0x000012b1          Code  Gb  portasm.o [1]
uxCriticalNesting       0x1ffff000     0x4  Data  Lc  port.o [1]
uxCurrentNumberOfTasks  0x20002088     0x4  Data  Lc  tasks.o [1]
uxListRemove            0x00001171    0x24  Code  Gb  list.o [1]
uxPendedTicks           0x20002094     0x4  Data  Lc  tasks.o [1]
uxSchedulerSuspended    0x1ffff084     0x4  Data  Lc  tasks.o [1]
uxTaskNumber            0x1ffff07c     0x4  Data  Lc  tasks.o [1]
uxTopReadyPriority      0x1ffff074     0x4  Data  Lc  tasks.o [1]
vClearInterruptMaskFromISR
                        0x000012b9          Code  Gb  portasm.o [1]
vListInitialise         0x00001105    0x1e  Code  Gb  list.o [1]
vListInsert             0x0000113b    0x36  Code  Gb  list.o [1]
vListInsertEnd          0x00001123    0x18  Code  Gb  list.o [1]
vPortEnterCritical      0x00000aa5    0x14  Code  Gb  port.o [1]
vPortExitCritical       0x00000ab9    0x18  Code  Gb  port.o [1]
vPortFree               0x000011e1     0xa  Code  Gb  heap_1.o [1]
vPortSVCHandler         0x00001295          Code  Gb  portasm.o [1]
vPortStartFirstTask     0x00001297          Code  Gb  portasm.o [1]
vPortYield              0x00000a91    0x12  Code  Gb  port.o [1]
vQueueAddToRegistry     0x0000096d    0x24  Code  Gb  queue.o [1]
vQueueWaitForMessageRestricted
                        0x00000995    0x94  Code  Gb  queue.o [1]
vSetMSP                 0x00001251          Code  Gb  portasm.o [1]
vTaskDelayUntil         0x00000c6d    0x82  Code  Gb  tasks.o [1]
vTaskMissedYield        0x000010bf     0x8  Code  Gb  tasks.o [1]
vTaskPlaceOnEventList   0x00000f2d    0x64  Code  Gb  tasks.o [1]
vTaskPlaceOnEventListRestricted
                        0x00000f99    0x50  Code  Gb  tasks.o [1]
vTaskSetTimeOutState    0x00001055    0x14  Code  Gb  tasks.o [1]
vTaskStartScheduler     0x00000cfd    0x44  Code  Gb  tasks.o [1]
vTaskSuspendAll         0x00000d49     0xa  Code  Gb  tasks.o [1]
vTaskSwitchContext      0x00000ed5    0x58  Code  Gb  tasks.o [1]
wdog_isr                0x000025af     0x2  Code  Wk  wdog.o [1]
xActiveTimerList1       0x200020ac    0x14  Data  Lc  timers.o [1]
xActiveTimerList2       0x200020c0    0x14  Data  Lc  timers.o [1]
xDelayedTaskList1       0x1ffff088    0x14  Data  Lc  tasks.o [1]
xDelayedTaskList2       0x1ffff09c    0x14  Data  Lc  tasks.o [1]
xNextFreeByte           0x1ffff0e4     0x4  Data  Lc  heap_1.o [1]
xNextTaskUnblockTime    0x1ffff080     0x4  Data  Lc  tasks.o [1]
xNumOfOverflows         0x20002098     0x4  Data  Lc  tasks.o [1]
xPendingReadyList       0x20002060    0x14  Data  Lc  tasks.o [1]
xPortStartScheduler     0x00000a5d    0x34  Code  Gb  port.o [1]
xQueue                  0x1ffff0e0     0x4  Data  Lc  gpioqueue_test.o [1]
xQueueGenericCreate     0x00000485    0x44  Code  Gb  queue.o [1]
xQueueGenericReceive    0x00000735   0x238  Code  Gb  queue.o [1]
xQueueGenericReset      0x00000411    0x74  Code  Gb  queue.o [1]
xQueueGenericSend       0x000004c9   0x26c  Code  Gb  queue.o [1]
xQueueRegistry          0x20001ff0    0x50  Data  Gb  queue.o [1]
xSchedulerRunning       0x20002090     0x4  Data  Lc  tasks.o [1]
xSuspendedTaskList      0x20002074    0x14  Data  Lc  tasks.o [1]
xTaskCheckForTimeOut    0x00001069    0x56  Code  Gb  tasks.o [1]
xTaskGenericCreate      0x00000b09   0x164  Code  Gb  tasks.o [1]
xTaskGetSchedulerState  0x000010dd    0x1c  Code  Gb  tasks.o [1]
xTaskGetTickCount       0x00000dfd     0x6  Code  Gb  tasks.o [1]
xTaskIncrementTick      0x00000e0d    0xc6  Code  Gb  tasks.o [1]
xTaskRemoveFromEventList
                        0x00000fe9    0x62  Code  Gb  tasks.o [1]
xTaskResumeAll          0x00000d55    0xa8  Code  Gb  tasks.o [1]
xTickCount              0x2000208c     0x4  Data  Lc  tasks.o [1]
xTimerCreateTimerTask   0x000012c5    0x34  Code  Gb  timers.o [1]
xTimerQueue             0x200020a4     0x4  Data  Lc  timers.o [1]
xYieldPending           0x1ffff078     0x4  Data  Lc  tasks.o [1]
xbar_isr                0x00002555    0x14  Code  Wk  xbar.o [1]


[1] = C:\Freescale\KM128SWDRV_R4_1_6\build\iar_7_40_freertos\projects\gpioqueue_test\Release\Obj
[2] = command line
[3] = dl6M_tln.a
[4] = rt6M_tl.a

   8 434 bytes of readonly  code memory
     384 bytes of readonly  data memory
  12 528 bytes of readwrite data memory

Errors: none
Warnings: none
