###############################################################################
#
# IAR ELF Linker V7.40.3.8902/W32 for ARM                 14/Apr/2017  12:33:05
# Copyright 2007-2015 IAR Systems AB.
#
#    Output file  =  
#        C:\Freescale\KM128SWDRV_R4_1_6\build\iar_7_40\projects\adc_test\Release\Exe\project.out
#    Map file     =  
#        C:\Freescale\KM128SWDRV_R4_1_6\build\iar_7_40\projects\adc_test\Release\List\project.map
#    Command line =  
#        C:\Freescale\KM128SWDRV_R4_1_6\build\iar_7_40\projects\adc_test\Release\Obj\adc.o
#        C:\Freescale\KM128SWDRV_R4_1_6\build\iar_7_40\projects\adc_test\Release\Obj\adc_test.o
#        C:\Freescale\KM128SWDRV_R4_1_6\build\iar_7_40\projects\adc_test\Release\Obj\afe.o
#        C:\Freescale\KM128SWDRV_R4_1_6\build\iar_7_40\projects\adc_test\Release\Obj\aips.o
#        C:\Freescale\KM128SWDRV_R4_1_6\build\iar_7_40\projects\adc_test\Release\Obj\arch_delay.o
#        C:\Freescale\KM128SWDRV_R4_1_6\build\iar_7_40\projects\adc_test\Release\Obj\arm_cm0.o
#        C:\Freescale\KM128SWDRV_R4_1_6\build\iar_7_40\projects\adc_test\Release\Obj\cmp.o
#        C:\Freescale\KM128SWDRV_R4_1_6\build\iar_7_40\projects\adc_test\Release\Obj\crc.o
#        C:\Freescale\KM128SWDRV_R4_1_6\build\iar_7_40\projects\adc_test\Release\Obj\crt0.o
#        C:\Freescale\KM128SWDRV_R4_1_6\build\iar_7_40\projects\adc_test\Release\Obj\dma.o
#        C:\Freescale\KM128SWDRV_R4_1_6\build\iar_7_40\projects\adc_test\Release\Obj\ewm.o
#        C:\Freescale\KM128SWDRV_R4_1_6\build\iar_7_40\projects\adc_test\Release\Obj\fll.o
#        C:\Freescale\KM128SWDRV_R4_1_6\build\iar_7_40\projects\adc_test\Release\Obj\freemaster_appcmd.o
#        C:\Freescale\KM128SWDRV_R4_1_6\build\iar_7_40\projects\adc_test\Release\Obj\freemaster_bdm.o
#        C:\Freescale\KM128SWDRV_R4_1_6\build\iar_7_40\projects\adc_test\Release\Obj\freemaster_Kxx.o
#        C:\Freescale\KM128SWDRV_R4_1_6\build\iar_7_40\projects\adc_test\Release\Obj\freemaster_protocol.o
#        C:\Freescale\KM128SWDRV_R4_1_6\build\iar_7_40\projects\adc_test\Release\Obj\freemaster_rec.o
#        C:\Freescale\KM128SWDRV_R4_1_6\build\iar_7_40\projects\adc_test\Release\Obj\freemaster_scope.o
#        C:\Freescale\KM128SWDRV_R4_1_6\build\iar_7_40\projects\adc_test\Release\Obj\freemaster_serial.o
#        C:\Freescale\KM128SWDRV_R4_1_6\build\iar_7_40\projects\adc_test\Release\Obj\freemaster_tsa.o
#        C:\Freescale\KM128SWDRV_R4_1_6\build\iar_7_40\projects\adc_test\Release\Obj\ftfa.o
#        C:\Freescale\KM128SWDRV_R4_1_6\build\iar_7_40\projects\adc_test\Release\Obj\gpio.o
#        C:\Freescale\KM128SWDRV_R4_1_6\build\iar_7_40\projects\adc_test\Release\Obj\i2c.o
#        C:\Freescale\KM128SWDRV_R4_1_6\build\iar_7_40\projects\adc_test\Release\Obj\irtc.o
#        C:\Freescale\KM128SWDRV_R4_1_6\build\iar_7_40\projects\adc_test\Release\Obj\llwu.o
#        C:\Freescale\KM128SWDRV_R4_1_6\build\iar_7_40\projects\adc_test\Release\Obj\lptmr.o
#        C:\Freescale\KM128SWDRV_R4_1_6\build\iar_7_40\projects\adc_test\Release\Obj\mcm.o
#        C:\Freescale\KM128SWDRV_R4_1_6\build\iar_7_40\projects\adc_test\Release\Obj\mpu.o
#        C:\Freescale\KM128SWDRV_R4_1_6\build\iar_7_40\projects\adc_test\Release\Obj\osc.o
#        C:\Freescale\KM128SWDRV_R4_1_6\build\iar_7_40\projects\adc_test\Release\Obj\osc32k.o
#        C:\Freescale\KM128SWDRV_R4_1_6\build\iar_7_40\projects\adc_test\Release\Obj\pit.o
#        C:\Freescale\KM128SWDRV_R4_1_6\build\iar_7_40\projects\adc_test\Release\Obj\pll.o
#        C:\Freescale\KM128SWDRV_R4_1_6\build\iar_7_40\projects\adc_test\Release\Obj\pmc.o
#        C:\Freescale\KM128SWDRV_R4_1_6\build\iar_7_40\projects\adc_test\Release\Obj\rcm.o
#        C:\Freescale\KM128SWDRV_R4_1_6\build\iar_7_40\projects\adc_test\Release\Obj\rnga.o
#        C:\Freescale\KM128SWDRV_R4_1_6\build\iar_7_40\projects\adc_test\Release\Obj\sim.o
#        C:\Freescale\KM128SWDRV_R4_1_6\build\iar_7_40\projects\adc_test\Release\Obj\smc.o
#        C:\Freescale\KM128SWDRV_R4_1_6\build\iar_7_40\projects\adc_test\Release\Obj\spi.o
#        C:\Freescale\KM128SWDRV_R4_1_6\build\iar_7_40\projects\adc_test\Release\Obj\start.o
#        C:\Freescale\KM128SWDRV_R4_1_6\build\iar_7_40\projects\adc_test\Release\Obj\startup.o
#        C:\Freescale\KM128SWDRV_R4_1_6\build\iar_7_40\projects\adc_test\Release\Obj\svcall_isr.o
#        C:\Freescale\KM128SWDRV_R4_1_6\build\iar_7_40\projects\adc_test\Release\Obj\swisr.o
#        C:\Freescale\KM128SWDRV_R4_1_6\build\iar_7_40\projects\adc_test\Release\Obj\syst.o
#        C:\Freescale\KM128SWDRV_R4_1_6\build\iar_7_40\projects\adc_test\Release\Obj\system.o
#        C:\Freescale\KM128SWDRV_R4_1_6\build\iar_7_40\projects\adc_test\Release\Obj\tmr.o
#        C:\Freescale\KM128SWDRV_R4_1_6\build\iar_7_40\projects\adc_test\Release\Obj\uart.o
#        C:\Freescale\KM128SWDRV_R4_1_6\build\iar_7_40\projects\adc_test\Release\Obj\vref.o
#        C:\Freescale\KM128SWDRV_R4_1_6\build\iar_7_40\projects\adc_test\Release\Obj\wdog.o
#        C:\Freescale\KM128SWDRV_R4_1_6\build\iar_7_40\projects\adc_test\Release\Obj\xbar.o
#        -o
#        C:\Freescale\KM128SWDRV_R4_1_6\build\iar_7_40\projects\adc_test\Release\Exe\project.out
#        --map
#        C:\Freescale\KM128SWDRV_R4_1_6\build\iar_7_40\projects\adc_test\Release\List\project.map
#        --config
#        C:\Freescale\KM128SWDRV_R4_1_6\build\iar_7_40\projects\adc_test\..\..\..\..\src\toolchain\iar\config\MKMxxZ128_flash.icf
#        --entry __iar_program_start --inline --no_exceptions --no_vfe
#
###############################################################################

*******************************************************************************
*** RUNTIME MODEL ATTRIBUTES
***

CppFlavor       = *
__SystemLibrary = DLib


*******************************************************************************
*** PLACEMENT SUMMARY
***

"A1":  place at 0x00000000 { ro section .intvec };
"A2":  place at 0x00000400 { ro section .memcfg };
"P1":  place in [from 0x00000000 to 0x0001ffff] { ro, block CodeRelocate };
"P2":  place in [from 0x1ffff000 to 0x20002fff] {
          rw, block CodeRelocateRam, block HEAP, block CSTACK };

  Section          Kind        Address    Size  Object
  -------          ----        -------    ----  ------
"A1":                                     0xc0
  .intvec          const    0x00000000    0xc0  system.o [1]
                          - 0x000000c0    0xc0

"P1", part 1 of 2:                         0x0
  CodeRelocate              0x000000c0     0x0  <Block>

"A2":                                     0x10
  .memcfg          const    0x00000400    0x10  system.o [1]
                          - 0x00000410    0x10

"P1", part 2 of 2:                      0x1860
  .text            ro code  0x00000410   0x2f8  irtc.o [1]
  .text            ro code  0x00000708   0x294  uart.o [1]
  .text            ro code  0x0000099c   0x1ec  tmr.o [1]
  .text            ro code  0x00000b88   0x1b4  adc_test.o [1]
  .text            ro code  0x00000d3c    0x34  ABImemcpy.o [5]
  .text            ro code  0x00000d70    0x14  memset.o [3]
  .text            ro code  0x00000d84   0x160  adc.o [1]
  .text            ro code  0x00000ee4    0x1e  I32ToFlt.o [4]
  .text            ro code  0x00000f04    0x32  FltToDbl.o [4]
  .text            ro code  0x00000f36   0x184  DblMul.o [4]
  .text            ro code  0x000010ba    0x62  DblToFlt.o [4]
  .text            ro code  0x0000111c    0x54  ABImemset.o [5]
  .text            ro code  0x00001170   0x1b0  i2c.o [1]
  .text            ro code  0x00001320   0x164  gpio.o [1]
  .text            ro code  0x00001484    0xe4  spi.o [1]
  .text            ro code  0x00001568    0xc4  afe.o [1]
  .text            ro code  0x0000162c    0xc4  dma.o [1]
  .text            ro code  0x000016f0    0xac  cmp.o [1]
  .text            ro code  0x0000179c    0x84  llwu.o [1]
  .text            ro code  0x00001820    0x84  pit.o [1]
  .text            ro code  0x000018a4    0x70  startup.o [1]
  .text            ro code  0x00001914    0x6c  start.o [1]
  .text            ro code  0x00001980    0x54  pmc.o [1]
  .text            ro code  0x000019d4    0x2c  swisr.o [1]
  .rodata          const    0x00001a00    0x28  adc_test.o [1]
  .rodata          const    0x00001a28    0x28  adc_test.o [1]
  .rodata          const    0x00001a50    0x28  adc_test.o [1]
  .rodata          const    0x00001a78    0x28  adc_test.o [1]
  .rodata          const    0x00001aa0    0x28  adc_test.o [1]
  .rodata          const    0x00001ac8    0x28  adc_test.o [1]
  .rodata          const    0x00001af0    0x28  adc_test.o [1]
  .rodata          const    0x00001b18    0x28  adc_test.o [1]
  .rodata          const    0x00001b40    0x28  adc_test.o [1]
  .rodata          const    0x00001b68    0x28  adc_test.o [1]
  .text            ro code  0x00001b90    0x24  svcall_isr.o [1]
  .rodata          const    0x00001bb4    0x1c  adc_test.o [1]
  .text            ro code  0x00001bd0    0x1c  rnga.o [1]
  .text            ro code  0x00001bec    0x18  crt0.o [1]
  .text            ro code  0x00001c04    0x18  lptmr.o [1]
  .text            ro code  0x00001c1c    0x18  xbar.o [1]
  .text            ro code  0x00001c34    0x10  syst.o [1]
  .text            ro code  0x00001c44    0x10  system.o [1]
  .rodata          const    0x00001c54     0x4  adc_test.o [1]
  .rodata          const    0x00001c58     0x4  adc_test.o [1]
  .rodata          const    0x00001c5c     0x4  adc_test.o [1]
  .rodata          const    0x00001c60     0x4  adc_test.o [1]
  .rodata          const    0x00001c64     0x4  start.o [1]
  .text            ro code  0x00001c68     0x4  ftfa.o [1]
  .text            ro code  0x00001c6c     0x4  wdog.o [1]
                          - 0x00001c70  0x1860

"P2":                                     0x94
  .bss                      0x1ffff000    0x94  <Block>
    .bss           uninit   0x1ffff000     0x4  adc.o [1]
    .bss           uninit   0x1ffff004     0x4  adc_test.o [1]
    .bss           uninit   0x1ffff008     0x4  adc_test.o [1]
    .bss           uninit   0x1ffff00c     0x4  afe.o [1]
    .bss           uninit   0x1ffff010     0x4  afe.o [1]
    .bss           uninit   0x1ffff014     0x4  afe.o [1]
    .bss           uninit   0x1ffff018     0x4  afe.o [1]
    .bss           uninit   0x1ffff01c     0x4  arm_cm0.o [1]
    .bss           uninit   0x1ffff020     0x4  cmp.o [1]
    .bss           uninit   0x1ffff024     0x4  dma.o [1]
    .bss           uninit   0x1ffff028     0x4  dma.o [1]
    .bss           uninit   0x1ffff02c     0x4  dma.o [1]
    .bss           uninit   0x1ffff030     0x4  dma.o [1]
    .bss           uninit   0x1ffff034     0x4  gpio.o [1]
    .bss           uninit   0x1ffff038     0x4  i2c.o [1]
    .bss           uninit   0x1ffff03c     0x4  irtc.o [1]
    .bss           uninit   0x1ffff040     0xc  irtc.o [1]
    .bss           uninit   0x1ffff04c     0x4  llwu.o [1]
    .bss           uninit   0x1ffff050     0x4  lptmr.o [1]
    .bss           uninit   0x1ffff054     0x4  pit.o [1]
    .bss           uninit   0x1ffff058     0x4  pmc.o [1]
    .bss           uninit   0x1ffff05c     0x4  rnga.o [1]
    .bss           uninit   0x1ffff060     0x4  spi.o [1]
    .bss           uninit   0x1ffff064     0x4  spi.o [1]
    .bss           uninit   0x1ffff068     0x4  swisr.o [1]
    .bss           uninit   0x1ffff06c     0x4  swisr.o [1]
    .bss           uninit   0x1ffff070     0x4  swisr.o [1]
    .bss           uninit   0x1ffff074     0x4  syst.o [1]
    .bss           uninit   0x1ffff078     0x4  tmr.o [1]
    .bss           uninit   0x1ffff07c     0x4  tmr.o [1]
    .bss           uninit   0x1ffff080     0x4  tmr.o [1]
    .bss           uninit   0x1ffff084     0x4  tmr.o [1]
    .bss           uninit   0x1ffff088     0x4  uart.o [1]
    .bss           uninit   0x1ffff08c     0x4  uart.o [1]
    .bss           uninit   0x1ffff090     0x4  xbar.o [1]
  CodeRelocateRam           0x1ffff094     0x0  <Block>
                          - 0x1ffff094    0x94



*******************************************************************************
*** MODULE SUMMARY
***

    Module        ro code  ro data  rw data
    ------        -------  -------  -------
C:\Freescale\KM128SWDRV_R4_1_6\build\iar_7_40\projects\adc_test\Release\Obj: [1]
    adc.o             352                 4
    adc_test.o        436      444        8
    afe.o             196                16
    arm_cm0.o                             4
    cmp.o             172                 4
    crt0.o             24
    dma.o             196                16
    ftfa.o              4
    gpio.o            356                 4
    i2c.o             432                 4
    irtc.o            760                16
    llwu.o            132                 4
    lptmr.o            24                 4
    pit.o             132                 4
    pmc.o              84                 4
    rnga.o             28                 4
    spi.o             228                 8
    start.o           108        4
    startup.o         112
    svcall_isr.o       36
    swisr.o            44                12
    syst.o             16                 4
    system.o           16      208
    tmr.o             492                16
    uart.o            660                 8
    wdog.o              4
    xbar.o             24                 4
    ---------------------------------------
    Total:          5 068      656      148

command line: [2]
    ---------------------------------------
    Total:

dl6M_tln.a: [3]
    memset.o           20
    ---------------------------------------
    Total:             20

m6M_tl.a: [4]
    DblMul.o          388
    DblToFlt.o         98
    FltToDbl.o         50
    I32ToFlt.o         30
    ---------------------------------------
    Total:            566

rt6M_tl.a: [5]
    ABImemcpy.o        52
    ABImemset.o        84
    ---------------------------------------
    Total:            136

    Gaps                2
-------------------------------------------
    Grand Total:    5 792      656      148


*******************************************************************************
*** ENTRY LIST
***

Entry                      Address   Size  Type      Object
-----                      -------   ----  ----      ------
.bss$$Base              0x1ffff000          --   Gb  - Linker created -
.bss$$Limit             0x1ffff094          --   Gb  - Linker created -
.data$$Base             0x00000000          --   Gb  - Linker created -
.data_init$$Base        0x00000000          --   Gb  - Linker created -
.data_init$$Limit       0x00000000          --   Gb  - Linker created -
ADC_Init                0x00000d85   0x96  Code  Gb  adc.o [1]
CodeRelocate$$Base      0x000000c0          --   Gb  - Linker created -
CodeRelocate$$Limit     0x000000c0          --   Gb  - Linker created -
CodeRelocateRam$$Base   0x1ffff094          --   Gb  - Linker created -
CodeRelocateRam$$Limit  0x1ffff094          --   Gb  - Linker created -
IRTC_GetClock           0x00000411   0x7e  Code  Gb  irtc.o [1]
LLWU_GetFlags           0x0000179d   0x3c  Code  Lc  llwu.o [1]
Region$$Table$$Base     0x00000000          --   Gb  - Linker created -
Region$$Table$$Limit    0x00000000          --   Gb  - Linker created -
__aeabi_d2f             0x000010bb         Code  Gb  DblToFlt.o [4]
__aeabi_dmul            0x00000f37         Code  Gb  DblMul.o [4]
__aeabi_f2d             0x00000f05         Code  Gb  FltToDbl.o [4]
__aeabi_memcpy4         0x00000d3d         Code  Wk  ABImemcpy.o [5]
__aeabi_memset          0x0000111d         Code  Gb  ABImemset.o [5]
__aeabi_ui2f            0x00000ee5         Code  Gb  I32ToFlt.o [4]
__iar_Memset4_word      0x0000113d         Code  Gb  ABImemset.o [5]
__iar_Memset_word       0x00001129         Code  Gb  ABImemset.o [5]
__iar_program_start     0x00001bed         Code  Gb  crt0.o [1]
__iar_ui2f              0x00000ee9         Code  Gb  I32ToFlt.o [4]
__memcfg_table          0x00000400   0x10  Data  Gb  system.o [1]
__vector_table          0x00000000   0xc0  Data  Gb  system.o [1]
adc_isr                 0x00000e25   0x7c  Code  Wk  adc.o [1]
afe0_isr                0x00001569   0x28  Code  Wk  afe.o [1]
afe1_isr                0x00001591   0x28  Code  Wk  afe.o [1]
afe2_isr                0x000015b9   0x28  Code  Wk  afe.o [1]
afe3_isr                0x000015e1   0x28  Code  Wk  afe.o [1]
cmpx_isr                0x000016f1   0x94  Code  Wk  cmp.o [1]
default_isr             0x00001c45    0x4  Code  Wk  system.o [1]
dma0_isr                0x0000162d   0x28  Code  Wk  dma.o [1]
dma1_isr                0x00001657   0x28  Code  Wk  dma.o [1]
dma2_isr                0x0000167f   0x28  Code  Wk  dma.o [1]
dma3_isr                0x000016a7   0x28  Code  Wk  dma.o [1]
ewm_isr                 0x000019df    0xa  Code  Gb  swisr.o [1]
ftfa_isr                0x00001c69    0x4  Code  Wk  ftfa.o [1]
hardfault_isr           0x00001c49    0x4  Code  Wk  system.o [1]
i2cx_isr                0x00001171  0x196  Code  Wk  i2c.o [1]
irtc_isr                0x000004a5  0x242  Code  Wk  irtc.o [1]
llwu_isr                0x000017d9   0x2e  Code  Wk  llwu.o [1]
lptmr_isr               0x00001c05   0x10  Code  Wk  lptmr.o [1]
main                    0x00000b89  0x1b4  Code  Gb  adc_test.o [1]
mcg_isr                 0x000019e9    0xa  Code  Gb  swisr.o [1]
memset                  0x00000d71   0x14  Code  Gb  memset.o [3]
nmi_isr                 0x00001c4d    0x4  Code  Wk  system.o [1]
pCallback0              0x1ffff068    0x4  Data  Lc  swisr.o [1]
pCallback1              0x1ffff06c    0x4  Data  Lc  swisr.o [1]
pCallback2              0x1ffff070    0x4  Data  Lc  swisr.o [1]
pCallbackADC            0x1ffff000    0x4  Data  Lc  adc.o [1]
pCallbackAFE_CH0        0x1ffff00c    0x4  Data  Lc  afe.o [1]
pCallbackAFE_CH1        0x1ffff010    0x4  Data  Lc  afe.o [1]
pCallbackAFE_CH2        0x1ffff014    0x4  Data  Lc  afe.o [1]
pCallbackAFE_CH3        0x1ffff018    0x4  Data  Lc  afe.o [1]
pCallbackCMPx           0x1ffff020    0x4  Data  Lc  cmp.o [1]
pCallbackDMA0           0x1ffff024    0x4  Data  Lc  dma.o [1]
pCallbackDMA1           0x1ffff028    0x4  Data  Lc  dma.o [1]
pCallbackDMA2           0x1ffff02c    0x4  Data  Lc  dma.o [1]
pCallbackDMA3           0x1ffff030    0x4  Data  Lc  dma.o [1]
pCallbackI2Cx           0x1ffff038    0x4  Data  Lc  i2c.o [1]
pCallbackIRTC           0x1ffff03c    0x4  Data  Lc  irtc.o [1]
pCallbackLLWU           0x1ffff04c    0x4  Data  Lc  llwu.o [1]
pCallbackLPTMR          0x1ffff050    0x4  Data  Lc  lptmr.o [1]
pCallbackPITx           0x1ffff054    0x4  Data  Lc  pit.o [1]
pCallbackPMC            0x1ffff058    0x4  Data  Lc  pmc.o [1]
pCallbackPTx            0x1ffff034    0x4  Data  Lc  gpio.o [1]
pCallbackRNGA           0x1ffff05c    0x4  Data  Lc  rnga.o [1]
pCallbackSPI0           0x1ffff060    0x4  Data  Lc  spi.o [1]
pCallbackSPI1           0x1ffff064    0x4  Data  Lc  spi.o [1]
pCallbackSVC            0x1ffff01c    0x4  Data  Gb  arm_cm0.o [1]
pCallbackSYST           0x1ffff074    0x4  Data  Lc  syst.o [1]
pCallbackTMR0           0x1ffff078    0x4  Data  Lc  tmr.o [1]
pCallbackTMR1           0x1ffff07c    0x4  Data  Lc  tmr.o [1]
pCallbackTMR2           0x1ffff080    0x4  Data  Lc  tmr.o [1]
pCallbackTMR3           0x1ffff084    0x4  Data  Lc  tmr.o [1]
pCallbackUART0_UART1    0x1ffff088    0x4  Data  Lc  uart.o [1]
pCallbackUART2_UART3    0x1ffff08c    0x4  Data  Lc  uart.o [1]
pCallbackXBAR           0x1ffff090    0x4  Data  Lc  xbar.o [1]
pendsv_isr              0x00001c51    0x4  Code  Wk  system.o [1]
pitx_isr                0x00001821   0x6c  Code  Wk  pit.o [1]
pmc_isr                 0x00001981   0x40  Code  Wk  pmc.o [1]
portx_isr               0x00001321  0x136  Code  Wk  gpio.o [1]
rnga_isr                0x00001bd1   0x10  Code  Wk  rnga.o [1]
slcd_isr                0x000019d5    0xa  Code  Gb  swisr.o [1]
spi0_isr                0x00001485   0x4e  Code  Wk  spi.o [1]
spi1_isr                0x000014d3   0x7a  Code  Wk  spi.o [1]
start                   0x00001915   0x6c  Code  Gb  start.o [1]
startup                 0x000018a5   0x70  Code  Gb  startup.o [1]
svcall_isr              0x00001b91         Code  Wk  svcall_isr.o [1]
syst_isr                0x00001c35    0xa  Code  Wk  syst.o [1]
tmp16                   0x1ffff004    0x4  Data  Lc  adc_test.o [1]
tmr0_isr                0x0000099d   0x6a  Code  Wk  tmr.o [1]
tmr1_isr                0x00000a09   0x6a  Code  Wk  tmr.o [1]
tmr2_isr                0x00000a75   0x6a  Code  Wk  tmr.o [1]
tmr3_isr                0x00000ae1   0x6a  Code  Wk  tmr.o [1]
uart01_isr              0x00000709  0x11c  Code  Wk  uart.o [1]
uart23_isr              0x0000082d  0x11c  Code  Wk  uart.o [1]
voltage3                0x1ffff008    0x4  Data  Gb  adc_test.o [1]
wdog_isr                0x00001c6d    0x4  Code  Wk  wdog.o [1]
xbar_isr                0x00001c1d   0x10  Code  Wk  xbar.o [1]


[1] = C:\Freescale\KM128SWDRV_R4_1_6\build\iar_7_40\projects\adc_test\Release\Obj
[2] = command line
[3] = dl6M_tln.a
[4] = m6M_tl.a
[5] = rt6M_tl.a

  5 792 bytes of readonly  code memory
    656 bytes of readonly  data memory
    148 bytes of readwrite data memory

Errors: none
Warnings: none
