###############################################################################
#
# IAR ELF Linker V7.40.3.8902/W32 for ARM                 15/Mar/2017  13:16:54
# Copyright 2007-2015 IAR Systems AB.
#
#    Output file  =  
#        C:\Freescale\KM128SWDRV_R4_1_6\build\iar_7_40\projects\irtc1hzpulse_test\Release\Exe\project.out
#    Map file     =  
#        C:\Freescale\KM128SWDRV_R4_1_6\build\iar_7_40\projects\irtc1hzpulse_test\Release\List\project.map
#    Command line =  
#        C:\Freescale\KM128SWDRV_R4_1_6\build\iar_7_40\projects\irtc1hzpulse_test\Release\Obj\adc.o
#        C:\Freescale\KM128SWDRV_R4_1_6\build\iar_7_40\projects\irtc1hzpulse_test\Release\Obj\afe.o
#        C:\Freescale\KM128SWDRV_R4_1_6\build\iar_7_40\projects\irtc1hzpulse_test\Release\Obj\aips.o
#        C:\Freescale\KM128SWDRV_R4_1_6\build\iar_7_40\projects\irtc1hzpulse_test\Release\Obj\arch_delay.o
#        C:\Freescale\KM128SWDRV_R4_1_6\build\iar_7_40\projects\irtc1hzpulse_test\Release\Obj\arm_cm0.o
#        C:\Freescale\KM128SWDRV_R4_1_6\build\iar_7_40\projects\irtc1hzpulse_test\Release\Obj\cmp.o
#        C:\Freescale\KM128SWDRV_R4_1_6\build\iar_7_40\projects\irtc1hzpulse_test\Release\Obj\crc.o
#        C:\Freescale\KM128SWDRV_R4_1_6\build\iar_7_40\projects\irtc1hzpulse_test\Release\Obj\crt0.o
#        C:\Freescale\KM128SWDRV_R4_1_6\build\iar_7_40\projects\irtc1hzpulse_test\Release\Obj\dma.o
#        C:\Freescale\KM128SWDRV_R4_1_6\build\iar_7_40\projects\irtc1hzpulse_test\Release\Obj\ewm.o
#        C:\Freescale\KM128SWDRV_R4_1_6\build\iar_7_40\projects\irtc1hzpulse_test\Release\Obj\fll.o
#        C:\Freescale\KM128SWDRV_R4_1_6\build\iar_7_40\projects\irtc1hzpulse_test\Release\Obj\freemaster_appcmd.o
#        C:\Freescale\KM128SWDRV_R4_1_6\build\iar_7_40\projects\irtc1hzpulse_test\Release\Obj\freemaster_bdm.o
#        C:\Freescale\KM128SWDRV_R4_1_6\build\iar_7_40\projects\irtc1hzpulse_test\Release\Obj\freemaster_Kxx.o
#        C:\Freescale\KM128SWDRV_R4_1_6\build\iar_7_40\projects\irtc1hzpulse_test\Release\Obj\freemaster_protocol.o
#        C:\Freescale\KM128SWDRV_R4_1_6\build\iar_7_40\projects\irtc1hzpulse_test\Release\Obj\freemaster_rec.o
#        C:\Freescale\KM128SWDRV_R4_1_6\build\iar_7_40\projects\irtc1hzpulse_test\Release\Obj\freemaster_scope.o
#        C:\Freescale\KM128SWDRV_R4_1_6\build\iar_7_40\projects\irtc1hzpulse_test\Release\Obj\freemaster_serial.o
#        C:\Freescale\KM128SWDRV_R4_1_6\build\iar_7_40\projects\irtc1hzpulse_test\Release\Obj\freemaster_tsa.o
#        C:\Freescale\KM128SWDRV_R4_1_6\build\iar_7_40\projects\irtc1hzpulse_test\Release\Obj\ftfa.o
#        C:\Freescale\KM128SWDRV_R4_1_6\build\iar_7_40\projects\irtc1hzpulse_test\Release\Obj\gpio.o
#        C:\Freescale\KM128SWDRV_R4_1_6\build\iar_7_40\projects\irtc1hzpulse_test\Release\Obj\i2c.o
#        C:\Freescale\KM128SWDRV_R4_1_6\build\iar_7_40\projects\irtc1hzpulse_test\Release\Obj\irtc.o
#        C:\Freescale\KM128SWDRV_R4_1_6\build\iar_7_40\projects\irtc1hzpulse_test\Release\Obj\irtc1hzpulse_test.o
#        C:\Freescale\KM128SWDRV_R4_1_6\build\iar_7_40\projects\irtc1hzpulse_test\Release\Obj\llwu.o
#        C:\Freescale\KM128SWDRV_R4_1_6\build\iar_7_40\projects\irtc1hzpulse_test\Release\Obj\lptmr.o
#        C:\Freescale\KM128SWDRV_R4_1_6\build\iar_7_40\projects\irtc1hzpulse_test\Release\Obj\mcm.o
#        C:\Freescale\KM128SWDRV_R4_1_6\build\iar_7_40\projects\irtc1hzpulse_test\Release\Obj\mpu.o
#        C:\Freescale\KM128SWDRV_R4_1_6\build\iar_7_40\projects\irtc1hzpulse_test\Release\Obj\osc.o
#        C:\Freescale\KM128SWDRV_R4_1_6\build\iar_7_40\projects\irtc1hzpulse_test\Release\Obj\osc32k.o
#        C:\Freescale\KM128SWDRV_R4_1_6\build\iar_7_40\projects\irtc1hzpulse_test\Release\Obj\pit.o
#        C:\Freescale\KM128SWDRV_R4_1_6\build\iar_7_40\projects\irtc1hzpulse_test\Release\Obj\pll.o
#        C:\Freescale\KM128SWDRV_R4_1_6\build\iar_7_40\projects\irtc1hzpulse_test\Release\Obj\pmc.o
#        C:\Freescale\KM128SWDRV_R4_1_6\build\iar_7_40\projects\irtc1hzpulse_test\Release\Obj\rcm.o
#        C:\Freescale\KM128SWDRV_R4_1_6\build\iar_7_40\projects\irtc1hzpulse_test\Release\Obj\rnga.o
#        C:\Freescale\KM128SWDRV_R4_1_6\build\iar_7_40\projects\irtc1hzpulse_test\Release\Obj\sim.o
#        C:\Freescale\KM128SWDRV_R4_1_6\build\iar_7_40\projects\irtc1hzpulse_test\Release\Obj\smc.o
#        C:\Freescale\KM128SWDRV_R4_1_6\build\iar_7_40\projects\irtc1hzpulse_test\Release\Obj\spi.o
#        C:\Freescale\KM128SWDRV_R4_1_6\build\iar_7_40\projects\irtc1hzpulse_test\Release\Obj\start.o
#        C:\Freescale\KM128SWDRV_R4_1_6\build\iar_7_40\projects\irtc1hzpulse_test\Release\Obj\startup.o
#        C:\Freescale\KM128SWDRV_R4_1_6\build\iar_7_40\projects\irtc1hzpulse_test\Release\Obj\svcall_isr.o
#        C:\Freescale\KM128SWDRV_R4_1_6\build\iar_7_40\projects\irtc1hzpulse_test\Release\Obj\swisr.o
#        C:\Freescale\KM128SWDRV_R4_1_6\build\iar_7_40\projects\irtc1hzpulse_test\Release\Obj\syst.o
#        C:\Freescale\KM128SWDRV_R4_1_6\build\iar_7_40\projects\irtc1hzpulse_test\Release\Obj\system.o
#        C:\Freescale\KM128SWDRV_R4_1_6\build\iar_7_40\projects\irtc1hzpulse_test\Release\Obj\tmr.o
#        C:\Freescale\KM128SWDRV_R4_1_6\build\iar_7_40\projects\irtc1hzpulse_test\Release\Obj\uart.o
#        C:\Freescale\KM128SWDRV_R4_1_6\build\iar_7_40\projects\irtc1hzpulse_test\Release\Obj\vref.o
#        C:\Freescale\KM128SWDRV_R4_1_6\build\iar_7_40\projects\irtc1hzpulse_test\Release\Obj\wdog.o
#        C:\Freescale\KM128SWDRV_R4_1_6\build\iar_7_40\projects\irtc1hzpulse_test\Release\Obj\xbar.o
#        -o
#        C:\Freescale\KM128SWDRV_R4_1_6\build\iar_7_40\projects\irtc1hzpulse_test\Release\Exe\project.out
#        --map
#        C:\Freescale\KM128SWDRV_R4_1_6\build\iar_7_40\projects\irtc1hzpulse_test\Release\List\project.map
#        --config
#        C:\Freescale\KM128SWDRV_R4_1_6\build\iar_7_40\projects\irtc1hzpulse_test\..\..\..\..\src\toolchain\iar\config\MKMxxZ128_flash.icf
#        --entry __iar_program_start --inline --no_exceptions --no_vfe
#
###############################################################################

*******************************************************************************
*** RUNTIME MODEL ATTRIBUTES
***

CppFlavor       = *
__SystemLibrary = DLib


*******************************************************************************
*** PLACEMENT SUMMARY
***

"A1":  place at 0x00000000 { ro section .intvec };
"A2":  place at 0x00000400 { ro section .memcfg };
"P1":  place in [from 0x00000000 to 0x0001ffff] { ro, block CodeRelocate };
"P2":  place in [from 0x1ffff000 to 0x20002fff] {
          rw, block CodeRelocateRam, block HEAP, block CSTACK };

  Section              Kind        Address    Size  Object
  -------              ----        -------    ----  ------
"A1":                                         0xc0
  .intvec              const    0x00000000    0xc0  system.o [1]
                              - 0x000000c0    0xc0

"P1", part 1 of 2:                             0x0
  CodeRelocate                  0x000000c0     0x0  <Block>

"A2":                                         0x10
  .memcfg              const    0x00000400    0x10  system.o [1]
                              - 0x00000410    0x10

"P1", part 2 of 2:                          0x1c64
  .text                ro code  0x00000410   0x438  irtc.o [1]
  .text                ro code  0x00000848   0x2e4  freemaster_rec.o [1]
  .text                ro code  0x00000b2c    0xec  freemaster_Kxx.o [1]
  .text                ro code  0x00000c18   0x170  freemaster_tsa.o [1]
  .text                ro code  0x00000d88   0x184  irtc1hzpulse_test.o [1]
  .text                ro code  0x00000f0c   0x1f8  freemaster_protocol.o [1]
  .text                ro code  0x00001104   0x160  gpio.o [1]
  .text                ro code  0x00001264   0x200  uart.o [1]
  .text                ro code  0x00001464   0x224  freemaster_serial.o [1]
  .text                ro code  0x00001688    0xc8  freemaster_scope.o [1]
  .text                ro code  0x00001750   0x18c  tmr.o [1]
  .text                ro code  0x000018dc   0x16c  i2c.o [1]
  .text                ro code  0x00001a48    0xc4  spi.o [1]
  .text                ro code  0x00001b0c    0xc0  afe.o [1]
  .text                ro code  0x00001bcc    0xb0  dma.o [1]
  .text                ro code  0x00001c7c    0x9c  cmp.o [1]
  .text                ro code  0x00001d18    0x74  adc.o [1]
  .text                ro code  0x00001d8c    0x70  start.o [1]
  .text                ro code  0x00001dfc    0x60  startup.o [1]
  .text                ro code  0x00001e5c    0x68  pit.o [1]
  .text                ro code  0x00001ec4    0x4c  pmc.o [1]
  .text                ro code  0x00001f10    0x48  llwu.o [1]
  .text                ro code  0x00001f58    0x38  swisr.o [1]
  .rodata              const    0x00001f90    0x26  irtc1hzpulse_test.o [1]
  .text                ro code  0x00001fb6     0x2  wdog.o [1]
  .text                ro code  0x00001fb8    0x24  svcall_isr.o [1]
  .text                ro code  0x00001fdc    0x20  rnga.o [1]
  .text                ro code  0x00001ffc    0x20  xbar.o [1]
  .text                ro code  0x0000201c    0x1c  lptmr.o [1]
  .text                ro code  0x00002038    0x18  crt0.o [1]
  .text                ro code  0x00002050    0x14  syst.o [1]
  .text                ro code  0x00002064     0x8  system.o [1]
  .text                ro code  0x0000206c     0x2  ftfa.o [1]
  .data_init                    0x00002070     0x4  <Block>
    Initializer bytes  const    0x00002070     0x4  <for .data-1>
                              - 0x00002074  0x1c64

"P2":                                       0x11f5
  .data                         0x1ffff000     0x4  <Block>
    .data-1                     0x1ffff000     0x2  <Init block>
      .data            inited   0x1ffff000     0x2  irtc1hzpulse_test.o [1]
  .bss                          0x1ffff004  0x11f1  <Block>
    .bss               uninit   0x1ffff004     0x4  adc.o [1]
    .bss               uninit   0x1ffff008     0x4  afe.o [1]
    .bss               uninit   0x1ffff00c     0x4  afe.o [1]
    .bss               uninit   0x1ffff010     0x4  afe.o [1]
    .bss               uninit   0x1ffff014     0x4  afe.o [1]
    .bss               uninit   0x1ffff018     0x4  arm_cm0.o [1]
    .bss               uninit   0x1ffff01c     0x4  cmp.o [1]
    .bss               uninit   0x1ffff020     0x4  dma.o [1]
    .bss               uninit   0x1ffff024     0x4  dma.o [1]
    .bss               uninit   0x1ffff028     0x4  dma.o [1]
    .bss               uninit   0x1ffff02c     0x4  dma.o [1]
    .bss               uninit   0x1ffff030  0x1054  freemaster_rec.o [1]
    .bss               uninit   0x20000084    0x2c  freemaster_scope.o [1]
    .bss               uninit   0x200000b0    0xcc  freemaster_serial.o [1]
    .bss               uninit   0x2000017c    0x10  freemaster_serial.o [1]
    .bss               uninit   0x2000018c     0x4  gpio.o [1]
    .bss               uninit   0x20000190     0x4  i2c.o [1]
    .bss               uninit   0x20000194    0x10  irtc.o [1]
    .bss               uninit   0x200001a4     0x4  llwu.o [1]
    .bss               uninit   0x200001a8     0x4  lptmr.o [1]
    .bss               uninit   0x200001ac     0x4  pit.o [1]
    .bss               uninit   0x200001b0     0x4  pmc.o [1]
    .bss               uninit   0x200001b4     0x4  rnga.o [1]
    .bss               uninit   0x200001b8     0x8  spi.o [1]
    .bss               uninit   0x200001c0     0x8  spi.o [1]
    .bss               uninit   0x200001c8     0x4  swisr.o [1]
    .bss               uninit   0x200001cc     0x4  swisr.o [1]
    .bss               uninit   0x200001d0     0x4  swisr.o [1]
    .bss               uninit   0x200001d4     0x4  syst.o [1]
    .bss               uninit   0x200001d8     0x4  tmr.o [1]
    .bss               uninit   0x200001dc     0x4  tmr.o [1]
    .bss               uninit   0x200001e0     0x4  tmr.o [1]
    .bss               uninit   0x200001e4     0x4  tmr.o [1]
    .bss               uninit   0x200001e8     0x4  uart.o [1]
    .bss               uninit   0x200001ec     0x4  uart.o [1]
    .bss               uninit   0x200001f0     0x4  xbar.o [1]
    .bss               uninit   0x200001f4     0x1  freemaster_Kxx.o [1]
  CodeRelocateRam               0x200001f5     0x0  <Block>
                              - 0x200001f5  0x11f5



*******************************************************************************
*** MODULE SUMMARY
***

    Module                 ro code  ro data  rw data
    ------                 -------  -------  -------
C:\Freescale\KM128SWDRV_R4_1_6\build\iar_7_40\projects\irtc1hzpulse_test\Release\Obj: [1]
    adc.o                      116                 4
    afe.o                      192                16
    arm_cm0.o                                      4
    cmp.o                      156                 4
    crt0.o                      24
    dma.o                      176                16
    freemaster_Kxx.o           236                 1
    freemaster_protocol.o      504
    freemaster_rec.o           740             4 180
    freemaster_scope.o         200                44
    freemaster_serial.o        548               220
    freemaster_tsa.o           368
    ftfa.o                       2
    gpio.o                     352                 4
    i2c.o                      364                 4
    irtc.o                   1 080                16
    irtc1hzpulse_test.o        388       40        2
    llwu.o                      72                 4
    lptmr.o                     28                 4
    pit.o                      104                 4
    pmc.o                       76                 4
    rnga.o                      32                 4
    spi.o                      196                16
    start.o                    112
    startup.o                   96
    svcall_isr.o                36
    swisr.o                     56                12
    syst.o                      20                 4
    system.o                     8      208
    tmr.o                      396                16
    uart.o                     512                 8
    wdog.o                       2
    xbar.o                      32                 4
    ------------------------------------------------
    Total:                   7 224      248    4 595

    Linker created                        2
----------------------------------------------------
    Grand Total:             7 224      250    4 595


*******************************************************************************
*** ENTRY LIST
***

Entry                      Address    Size  Type      Object
-----                      -------    ----  ----      ------
.bss$$Base              0x1ffff004           --   Gb  - Linker created -
.bss$$Limit             0x200001f5           --   Gb  - Linker created -
.data$$Base             0x1ffff000           --   Gb  - Linker created -
.data$$Limit            0x1ffff004           --   Gb  - Linker created -
.data_init$$Base        0x00002070           --   Gb  - Linker created -
.data_init$$Limit       0x00002074           --   Gb  - Linker created -
CodeRelocate$$Base      0x000000c0           --   Gb  - Linker created -
CodeRelocate$$Limit     0x000000c0           --   Gb  - Linker created -
CodeRelocateRam$$Base   0x200001f5           --   Gb  - Linker created -
CodeRelocateRam$$Limit  0x200001f5           --   Gb  - Linker created -
FMSTR_AddressFromBuffer
                        0x00000be9    0x2a  Code  Gb  freemaster_Kxx.o [1]
FMSTR_AddressToBuffer   0x00000bbb    0x2e  Code  Gb  freemaster_Kxx.o [1]
FMSTR_CheckTsaSpace     0x00000c8f    0xfa  Code  Gb  freemaster_tsa.o [1]
FMSTR_Compare16S        0x00000ab5    0x18  Code  Lc  freemaster_rec.o [1]
FMSTR_Compare16U        0x00000acd    0x12  Code  Lc  freemaster_rec.o [1]
FMSTR_Compare32S        0x00000adf    0x14  Code  Lc  freemaster_rec.o [1]
FMSTR_Compare32U        0x00000af9    0x12  Code  Lc  freemaster_rec.o [1]
FMSTR_Compare8S         0x00000a8b    0x18  Code  Lc  freemaster_rec.o [1]
FMSTR_Compare8U         0x00000aa3    0x12  Code  Lc  freemaster_rec.o [1]
FMSTR_CopyFromBuffer    0x00000b3f    0x16  Code  Gb  freemaster_Kxx.o [1]
FMSTR_CopyFromBufferWithMask
                        0x00000b8f    0x26  Code  Gb  freemaster_Kxx.o [1]
FMSTR_CopyToBuffer      0x00000b2d    0x12  Code  Gb  freemaster_Kxx.o [1]
FMSTR_GetRecBuff        0x00000a4d    0x3e  Code  Gb  freemaster_rec.o [1]
FMSTR_GetRecStatus      0x00000a0f    0x1c  Code  Gb  freemaster_rec.o [1]
FMSTR_GetStringLen      0x00000c69    0x26  Code  Gb  freemaster_tsa.o [1]
FMSTR_GetTsaInfo        0x00000c19    0x50  Code  Gb  freemaster_tsa.o [1]
FMSTR_Init              0x00000f0d    0x20  Code  Gb  freemaster_protocol.o [1]
FMSTR_InitRec           0x00000849     0xe  Code  Gb  freemaster_rec.o [1]
FMSTR_InitSerial        0x000014cd    0x3c  Code  Gb  freemaster_serial.o [1]
FMSTR_IsInRecBuffer     0x00000a2b    0x22  Code  Gb  freemaster_rec.o [1]
FMSTR_Poll              0x0000150b   0x16c  Code  Gb  freemaster_serial.o [1]
FMSTR_ProtocolDecoder   0x00000f2d   0x1ae  Code  Gb  freemaster_protocol.o [1]
FMSTR_ReadScope         0x00001709    0x3a  Code  Gb  freemaster_scope.o [1]
FMSTR_SendResponse      0x00001465    0x60  Code  Gb  freemaster_serial.o [1]
FMSTR_SetExAddr         0x00000bb5     0x6  Code  Gb  freemaster_Kxx.o [1]
FMSTR_SetUpRec          0x00000857   0x138  Code  Gb  freemaster_rec.o [1]
FMSTR_SetUpScope        0x00001689    0x80  Code  Gb  freemaster_scope.o [1]
FMSTR_StartRec          0x0000098f    0x4a  Code  Gb  freemaster_rec.o [1]
FMSTR_StopRec           0x000009d9    0x36  Code  Gb  freemaster_rec.o [1]
FMSTR_StrLen            0x000010dd    0x18  Code  Gb  freemaster_protocol.o [1]
FMSTR_TsaGetTable       0x00000d89    0x14  Code  Gb  irtc1hzpulse_test.o [1]
FMSTR_ValueFromBuffer16
                        0x00000b55    0x12  Code  Gb  freemaster_Kxx.o [1]
FMSTR_ValueFromBuffer32
                        0x00000b67    0x12  Code  Gb  freemaster_Kxx.o [1]
FMSTR_ValueToBuffer16   0x00000b79    0x16  Code  Gb  freemaster_Kxx.o [1]
IRTC_Init               0x00000411   0x1ba  Code  Gb  irtc.o [1]
PORTF_Init              0x00001105    0x24  Code  Gb  gpio.o [1]
PORTI_Init              0x00001129    0x24  Code  Gb  gpio.o [1]
Region$$Table$$Base     0x00000000           --   Gb  - Linker created -
Region$$Table$$Limit    0x00000000           --   Gb  - Linker created -
UART1_Init              0x00001265    0x4c  Code  Gb  uart.o [1]
__iar_program_start     0x00002039          Code  Gb  crt0.o [1]
__memcfg_table          0x00000400    0x10  Data  Gb  system.o [1]
__vector_table          0x00000000    0xc0  Data  Gb  system.o [1]
adc_isr                 0x00001d19    0x6c  Code  Wk  adc.o [1]
afe0_isr                0x00001b0d    0x28  Code  Wk  afe.o [1]
afe1_isr                0x00001b35    0x28  Code  Wk  afe.o [1]
afe2_isr                0x00001b5d    0x28  Code  Wk  afe.o [1]
afe3_isr                0x00001b85    0x28  Code  Wk  afe.o [1]
cmpx_isr                0x00001c7d    0x8a  Code  Wk  cmp.o [1]
default_isr             0x00002065     0x2  Code  Wk  system.o [1]
dma0_isr                0x00001bcd    0x24  Code  Wk  dma.o [1]
dma1_isr                0x00001bf1    0x24  Code  Wk  dma.o [1]
dma2_isr                0x00001c15    0x24  Code  Wk  dma.o [1]
dma3_isr                0x00001c39    0x24  Code  Wk  dma.o [1]
ewm_isr                 0x00001f67     0xe  Code  Gb  swisr.o [1]
fra_comp_val            0x1ffff000     0x1  Data  Lc  irtc1hzpulse_test.o [1]
ftfa_isr                0x0000206d     0x2  Code  Wk  ftfa.o [1]
hardfault_isr           0x00002067     0x2  Code  Wk  system.o [1]
i2cx_isr                0x000018dd   0x15a  Code  Wk  i2c.o [1]
int_comp_val            0x1ffff001     0x1  Data  Lc  irtc1hzpulse_test.o [1]
irtc_isr                0x000005f5   0x244  Code  Wk  irtc.o [1]
llwu_isr                0x00001f11    0x3e  Code  Wk  llwu.o [1]
lptmr_isr               0x0000201d    0x14  Code  Wk  lptmr.o [1]
main                    0x00000d9d    0xf8  Code  Gb  irtc1hzpulse_test.o [1]
mcg_isr                 0x00001f75     0xe  Code  Gb  swisr.o [1]
nmi_isr                 0x00002069     0x2  Code  Wk  system.o [1]
pCallback0              0x200001c8     0x4  Data  Lc  swisr.o [1]
pCallback1              0x200001cc     0x4  Data  Lc  swisr.o [1]
pCallback2              0x200001d0     0x4  Data  Lc  swisr.o [1]
pCallbackADC            0x1ffff004     0x4  Data  Lc  adc.o [1]
pCallbackAFE_CH0        0x1ffff008     0x4  Data  Lc  afe.o [1]
pCallbackAFE_CH1        0x1ffff00c     0x4  Data  Lc  afe.o [1]
pCallbackAFE_CH2        0x1ffff010     0x4  Data  Lc  afe.o [1]
pCallbackAFE_CH3        0x1ffff014     0x4  Data  Lc  afe.o [1]
pCallbackCMPx           0x1ffff01c     0x4  Data  Lc  cmp.o [1]
pCallbackDMA0           0x1ffff020     0x4  Data  Lc  dma.o [1]
pCallbackDMA1           0x1ffff024     0x4  Data  Lc  dma.o [1]
pCallbackDMA2           0x1ffff028     0x4  Data  Lc  dma.o [1]
pCallbackDMA3           0x1ffff02c     0x4  Data  Lc  dma.o [1]
pCallbackI2Cx           0x20000190     0x4  Data  Lc  i2c.o [1]
pCallbackIRTC           0x200001a0     0x4  Data  Lc  irtc.o [1]
pCallbackLLWU           0x200001a4     0x4  Data  Lc  llwu.o [1]
pCallbackLPTMR          0x200001a8     0x4  Data  Lc  lptmr.o [1]
pCallbackPITx           0x200001ac     0x4  Data  Lc  pit.o [1]
pCallbackPMC            0x200001b0     0x4  Data  Lc  pmc.o [1]
pCallbackPTx            0x2000018c     0x4  Data  Lc  gpio.o [1]
pCallbackRNGA           0x200001b4     0x4  Data  Lc  rnga.o [1]
pCallbackSPI0           0x200001b8     0x4  Data  Lc  spi.o [1]
pCallbackSPI1           0x200001c0     0x4  Data  Lc  spi.o [1]
pCallbackSS0            0x200001bc     0x4  Data  Lc  spi.o [1]
pCallbackSS1            0x200001c4     0x4  Data  Lc  spi.o [1]
pCallbackSVC            0x1ffff018     0x4  Data  Gb  arm_cm0.o [1]
pCallbackSYST           0x200001d4     0x4  Data  Lc  syst.o [1]
pCallbackTMR0           0x200001d8     0x4  Data  Lc  tmr.o [1]
pCallbackTMR1           0x200001dc     0x4  Data  Lc  tmr.o [1]
pCallbackTMR2           0x200001e0     0x4  Data  Lc  tmr.o [1]
pCallbackTMR3           0x200001e4     0x4  Data  Lc  tmr.o [1]
pCallbackUART0_UART1    0x200001e8     0x4  Data  Lc  uart.o [1]
pCallbackUART2_UART3    0x200001ec     0x4  Data  Lc  uart.o [1]
pCallbackXBAR           0x200001f0     0x4  Data  Lc  xbar.o [1]
pcm_bNextAddrIsEx       0x200001f4     0x1  Data  Lc  freemaster_Kxx.o [1]
pcm_bTrgVarSigned       0x1ffff033     0x1  Data  Lc  freemaster_rec.o [1]
pcm_dwRecEndBuffPtr     0x1ffff074     0x4  Data  Gb  freemaster_rec.o [1]
pcm_dwRecWritePtr       0x1ffff070     0x4  Data  Gb  freemaster_rec.o [1]
pcm_nRecBuffAddr        0x1ffff07c     0x4  Data  Lc  freemaster_rec.o [1]
pcm_nRecTriggerMode     0x1ffff030     0x1  Data  Gb  freemaster_rec.o [1]
pcm_nRecVarCount        0x1ffff031     0x1  Data  Gb  freemaster_rec.o [1]
pcm_nRxCheckSum         0x2000017e     0x1  Data  Lc  freemaster_serial.o [1]
pcm_nRxTodo             0x2000017d     0x1  Data  Lc  freemaster_serial.o [1]
pcm_nScopeVarCount      0x20000084     0x1  Data  Lc  freemaster_scope.o [1]
pcm_nTrgVarAddr         0x1ffff078     0x4  Data  Lc  freemaster_rec.o [1]
pcm_nTrgVarSize         0x1ffff032     0x1  Data  Lc  freemaster_rec.o [1]
pcm_nTxTodo             0x2000017c     0x1  Data  Lc  freemaster_serial.o [1]
pcm_pCommBuffer         0x200000b0    0xcc  Data  Lc  freemaster_serial.o [1]
pcm_pCompareFunc        0x1ffff080     0x4  Data  Lc  freemaster_rec.o [1]
pcm_pOwnRecBuffer       0x1ffff084  0x1000  Data  Lc  freemaster_rec.o [1]
pcm_pRecVarAddr         0x1ffff050    0x20  Data  Gb  freemaster_rec.o [1]
pcm_pRecVarSize         0x1ffff034     0x8  Data  Gb  freemaster_rec.o [1]
pcm_pRxBuff             0x20000188     0x4  Data  Lc  freemaster_serial.o [1]
pcm_pScopeVarAddr       0x20000090    0x20  Data  Lc  freemaster_scope.o [1]
pcm_pScopeVarSize       0x20000088     0x8  Data  Lc  freemaster_scope.o [1]
pcm_pTxBuff             0x20000184     0x4  Data  Lc  freemaster_serial.o [1]
pcm_uTrgThreshold       0x1ffff040     0x4  Data  Lc  freemaster_rec.o [1]
pcm_wFlags              0x20000180     0x4  Data  Lc  freemaster_serial.o [1]
pcm_wRecBuffStartIx     0x1ffff04e     0x2  Data  Gb  freemaster_rec.o [1]
pcm_wRecFlags           0x1ffff03c     0x4  Data  Gb  freemaster_rec.o [1]
pcm_wRecPostTrigger     0x1ffff046     0x2  Data  Gb  freemaster_rec.o [1]
pcm_wRecTimeDiv         0x1ffff048     0x2  Data  Gb  freemaster_rec.o [1]
pcm_wRecTimeDivCtr      0x1ffff04a     0x2  Data  Gb  freemaster_rec.o [1]
pcm_wRecTotalSmps       0x1ffff044     0x2  Data  Gb  freemaster_rec.o [1]
pcm_wStoprecCountDown   0x1ffff04c     0x2  Data  Gb  freemaster_rec.o [1]
pendsv_isr              0x0000206b     0x2  Code  Wk  system.o [1]
pitx_isr                0x00001e5d    0x58  Code  Wk  pit.o [1]
pmc_isr                 0x00001ec5    0x40  Code  Wk  pmc.o [1]
portx_isr               0x0000114d    0xe4  Code  Wk  gpio.o [1]
rnga_isr                0x00001fdd    0x14  Code  Wk  rnga.o [1]
slcd_isr                0x00001f59     0xe  Code  Gb  swisr.o [1]
spi0_isr                0x00001a49    0x4c  Code  Wk  spi.o [1]
spi1_isr                0x00001a95    0x68  Code  Wk  spi.o [1]
start                   0x00001d8d    0x46  Code  Gb  start.o [1]
startup                 0x00001dfd    0x60  Code  Gb  startup.o [1]
svcall_isr              0x00001fb9          Code  Wk  svcall_isr.o [1]
syst_isr                0x00002051     0xe  Code  Wk  syst.o [1]
tmr0_isr                0x00001751    0x54  Code  Wk  tmr.o [1]
tmr1_isr                0x000017a9    0x54  Code  Wk  tmr.o [1]
tmr2_isr                0x00001801    0x54  Code  Wk  tmr.o [1]
tmr3_isr                0x00001859    0x54  Code  Wk  tmr.o [1]
uart01_isr              0x000012b1    0xcc  Code  Wk  uart.o [1]
uart23_isr              0x00001381    0xcc  Code  Wk  uart.o [1]
wdog_isr                0x00001fb7     0x2  Code  Wk  wdog.o [1]
xbar_isr                0x00001ffd    0x14  Code  Wk  xbar.o [1]


[1] = C:\Freescale\KM128SWDRV_R4_1_6\build\iar_7_40\projects\irtc1hzpulse_test\Release\Obj
[2] = command line
[3] = dl6M_tln.a
[4] = rt6M_tl.a

  7 224 bytes of readonly  code memory
    250 bytes of readonly  data memory
  4 595 bytes of readwrite data memory

Errors: none
Warnings: none
