###############################################################################
#
# IAR ELF Linker V7.40.3.8902/W32 for ARM                 21/Mar/2017  20:22:07
# Copyright 2007-2015 IAR Systems AB.
#
#    Output file  =  
#        C:\Freescale\KM128SWDRV_R4_1_6\build\iar_7_40\projects\uart_test\Release\Exe\project.out
#    Map file     =  
#        C:\Freescale\KM128SWDRV_R4_1_6\build\iar_7_40\projects\uart_test\Release\List\project.map
#    Command line =  
#        C:\Freescale\KM128SWDRV_R4_1_6\build\iar_7_40\projects\uart_test\Release\Obj\adc.o
#        C:\Freescale\KM128SWDRV_R4_1_6\build\iar_7_40\projects\uart_test\Release\Obj\afe.o
#        C:\Freescale\KM128SWDRV_R4_1_6\build\iar_7_40\projects\uart_test\Release\Obj\aips.o
#        C:\Freescale\KM128SWDRV_R4_1_6\build\iar_7_40\projects\uart_test\Release\Obj\arch_delay.o
#        C:\Freescale\KM128SWDRV_R4_1_6\build\iar_7_40\projects\uart_test\Release\Obj\arm_cm0.o
#        C:\Freescale\KM128SWDRV_R4_1_6\build\iar_7_40\projects\uart_test\Release\Obj\cmp.o
#        C:\Freescale\KM128SWDRV_R4_1_6\build\iar_7_40\projects\uart_test\Release\Obj\crc.o
#        C:\Freescale\KM128SWDRV_R4_1_6\build\iar_7_40\projects\uart_test\Release\Obj\crt0.o
#        C:\Freescale\KM128SWDRV_R4_1_6\build\iar_7_40\projects\uart_test\Release\Obj\dma.o
#        C:\Freescale\KM128SWDRV_R4_1_6\build\iar_7_40\projects\uart_test\Release\Obj\ewm.o
#        C:\Freescale\KM128SWDRV_R4_1_6\build\iar_7_40\projects\uart_test\Release\Obj\fll.o
#        C:\Freescale\KM128SWDRV_R4_1_6\build\iar_7_40\projects\uart_test\Release\Obj\freemaster_appcmd.o
#        C:\Freescale\KM128SWDRV_R4_1_6\build\iar_7_40\projects\uart_test\Release\Obj\freemaster_bdm.o
#        C:\Freescale\KM128SWDRV_R4_1_6\build\iar_7_40\projects\uart_test\Release\Obj\freemaster_Kxx.o
#        C:\Freescale\KM128SWDRV_R4_1_6\build\iar_7_40\projects\uart_test\Release\Obj\freemaster_protocol.o
#        C:\Freescale\KM128SWDRV_R4_1_6\build\iar_7_40\projects\uart_test\Release\Obj\freemaster_rec.o
#        C:\Freescale\KM128SWDRV_R4_1_6\build\iar_7_40\projects\uart_test\Release\Obj\freemaster_scope.o
#        C:\Freescale\KM128SWDRV_R4_1_6\build\iar_7_40\projects\uart_test\Release\Obj\freemaster_serial.o
#        C:\Freescale\KM128SWDRV_R4_1_6\build\iar_7_40\projects\uart_test\Release\Obj\freemaster_tsa.o
#        C:\Freescale\KM128SWDRV_R4_1_6\build\iar_7_40\projects\uart_test\Release\Obj\ftfa.o
#        C:\Freescale\KM128SWDRV_R4_1_6\build\iar_7_40\projects\uart_test\Release\Obj\gpio.o
#        C:\Freescale\KM128SWDRV_R4_1_6\build\iar_7_40\projects\uart_test\Release\Obj\i2c.o
#        C:\Freescale\KM128SWDRV_R4_1_6\build\iar_7_40\projects\uart_test\Release\Obj\irtc.o
#        C:\Freescale\KM128SWDRV_R4_1_6\build\iar_7_40\projects\uart_test\Release\Obj\llwu.o
#        C:\Freescale\KM128SWDRV_R4_1_6\build\iar_7_40\projects\uart_test\Release\Obj\lptmr.o
#        C:\Freescale\KM128SWDRV_R4_1_6\build\iar_7_40\projects\uart_test\Release\Obj\mcm.o
#        C:\Freescale\KM128SWDRV_R4_1_6\build\iar_7_40\projects\uart_test\Release\Obj\mpu.o
#        C:\Freescale\KM128SWDRV_R4_1_6\build\iar_7_40\projects\uart_test\Release\Obj\osc.o
#        C:\Freescale\KM128SWDRV_R4_1_6\build\iar_7_40\projects\uart_test\Release\Obj\osc32k.o
#        C:\Freescale\KM128SWDRV_R4_1_6\build\iar_7_40\projects\uart_test\Release\Obj\pit.o
#        C:\Freescale\KM128SWDRV_R4_1_6\build\iar_7_40\projects\uart_test\Release\Obj\pll.o
#        C:\Freescale\KM128SWDRV_R4_1_6\build\iar_7_40\projects\uart_test\Release\Obj\pmc.o
#        C:\Freescale\KM128SWDRV_R4_1_6\build\iar_7_40\projects\uart_test\Release\Obj\rcm.o
#        C:\Freescale\KM128SWDRV_R4_1_6\build\iar_7_40\projects\uart_test\Release\Obj\rnga.o
#        C:\Freescale\KM128SWDRV_R4_1_6\build\iar_7_40\projects\uart_test\Release\Obj\sim.o
#        C:\Freescale\KM128SWDRV_R4_1_6\build\iar_7_40\projects\uart_test\Release\Obj\smc.o
#        C:\Freescale\KM128SWDRV_R4_1_6\build\iar_7_40\projects\uart_test\Release\Obj\spi.o
#        C:\Freescale\KM128SWDRV_R4_1_6\build\iar_7_40\projects\uart_test\Release\Obj\start.o
#        C:\Freescale\KM128SWDRV_R4_1_6\build\iar_7_40\projects\uart_test\Release\Obj\startup.o
#        C:\Freescale\KM128SWDRV_R4_1_6\build\iar_7_40\projects\uart_test\Release\Obj\svcall_isr.o
#        C:\Freescale\KM128SWDRV_R4_1_6\build\iar_7_40\projects\uart_test\Release\Obj\swisr.o
#        C:\Freescale\KM128SWDRV_R4_1_6\build\iar_7_40\projects\uart_test\Release\Obj\syst.o
#        C:\Freescale\KM128SWDRV_R4_1_6\build\iar_7_40\projects\uart_test\Release\Obj\system.o
#        C:\Freescale\KM128SWDRV_R4_1_6\build\iar_7_40\projects\uart_test\Release\Obj\tmr.o
#        C:\Freescale\KM128SWDRV_R4_1_6\build\iar_7_40\projects\uart_test\Release\Obj\uart.o
#        C:\Freescale\KM128SWDRV_R4_1_6\build\iar_7_40\projects\uart_test\Release\Obj\uart_test.o
#        C:\Freescale\KM128SWDRV_R4_1_6\build\iar_7_40\projects\uart_test\Release\Obj\vref.o
#        C:\Freescale\KM128SWDRV_R4_1_6\build\iar_7_40\projects\uart_test\Release\Obj\wdog.o
#        C:\Freescale\KM128SWDRV_R4_1_6\build\iar_7_40\projects\uart_test\Release\Obj\xbar.o
#        -o
#        C:\Freescale\KM128SWDRV_R4_1_6\build\iar_7_40\projects\uart_test\Release\Exe\project.out
#        --map
#        C:\Freescale\KM128SWDRV_R4_1_6\build\iar_7_40\projects\uart_test\Release\List\project.map
#        --config
#        C:\Freescale\KM128SWDRV_R4_1_6\build\iar_7_40\projects\uart_test\..\..\..\..\src\toolchain\iar\config\MKMxxZ128_flash.icf
#        --entry __iar_program_start --inline --no_exceptions --no_vfe
#
###############################################################################

*******************************************************************************
*** RUNTIME MODEL ATTRIBUTES
***

CppFlavor       = *
__SystemLibrary = DLib


*******************************************************************************
*** PLACEMENT SUMMARY
***

"A1":  place at 0x00000000 { ro section .intvec };
"A2":  place at 0x00000400 { ro section .memcfg };
"P1":  place in [from 0x00000000 to 0x0001ffff] { ro, block CodeRelocate };
"P2":  place in [from 0x1ffff000 to 0x20002fff] {
          rw, block CodeRelocateRam, block HEAP, block CSTACK };

  Section          Kind        Address    Size  Object
  -------          ----        -------    ----  ------
"A1":                                     0xc0
  .intvec          const    0x00000000    0xc0  system.o [1]
                          - 0x000000c0    0xc0

"P1", part 1 of 2:                         0x0
  CodeRelocate              0x000000c0     0x0  <Block>

"A2":                                     0x10
  .memcfg          const    0x00000400    0x10  system.o [1]
                          - 0x00000410    0x10

"P1", part 2 of 2:                      0x16d8
  .text            ro code  0x00000410   0x308  irtc.o [1]
  .text            ro code  0x00000718   0x2ac  uart.o [1]
  .text            ro code  0x000009c4   0x1ec  gpio.o [1]
  .text            ro code  0x00000bb0   0x1ec  tmr.o [1]
  .text            ro code  0x00000d9c   0x1b8  uart_test.o [1]
  .text            ro code  0x00000f54    0x34  ABImemcpy.o [4]
  .text            ro code  0x00000f88   0x120  fll.o [1]
  .text            ro code  0x000010a8   0x1b4  i2c.o [1]
  .text            ro code  0x0000125c    0xe4  spi.o [1]
  .text            ro code  0x00001340    0xc4  afe.o [1]
  .text            ro code  0x00001404    0xc0  dma.o [1]
  .text            ro code  0x000014c4    0xac  cmp.o [1]
  .text            ro code  0x00001570    0xa0  adc.o [1]
  .text            ro code  0x00001610    0x88  llwu.o [1]
  .text            ro code  0x00001698    0x84  pit.o [1]
  .text            ro code  0x0000171c    0x7c  startup.o [1]
  .text            ro code  0x00001798    0x6c  start.o [1]
  .text            ro code  0x00001804    0x54  pmc.o [1]
  .text            ro code  0x00001858    0x2c  swisr.o [1]
  .rodata          const    0x00001884    0x28  uart_test.o [1]
  .rodata          const    0x000018ac    0x28  uart_test.o [1]
  .rodata          const    0x000018d4    0x28  uart_test.o [1]
  .rodata          const    0x000018fc    0x28  uart_test.o [1]
  .rodata          const    0x00001924    0x28  uart_test.o [1]
  .rodata          const    0x0000194c    0x28  uart_test.o [1]
  .rodata          const    0x00001974    0x28  uart_test.o [1]
  .rodata          const    0x0000199c    0x28  uart_test.o [1]
  .rodata          const    0x000019c4    0x28  uart_test.o [1]
  .rodata          const    0x000019ec    0x28  uart_test.o [1]
  .text            ro code  0x00001a14    0x24  svcall_isr.o [1]
  .text            ro code  0x00001a38    0x1c  rnga.o [1]
  .text            ro code  0x00001a54    0x18  crt0.o [1]
  .text            ro code  0x00001a6c    0x18  lptmr.o [1]
  .text            ro code  0x00001a84    0x18  xbar.o [1]
  .text            ro code  0x00001a9c    0x10  syst.o [1]
  .text            ro code  0x00001aac    0x10  system.o [1]
  .rodata          const    0x00001abc     0x8  uart_test.o [1]
  .rodata          const    0x00001ac4     0x8  uart_test.o [1]
  .rodata          const    0x00001acc     0x8  uart_test.o [1]
  .rodata          const    0x00001ad4     0x4  start.o [1]
  .rodata          const    0x00001ad8     0x4  uart_test.o [1]
  .rodata          const    0x00001adc     0x4  uart_test.o [1]
  .text            ro code  0x00001ae0     0x4  ftfa.o [1]
  .text            ro code  0x00001ae4     0x4  wdog.o [1]
                          - 0x00001ae8  0x16d8

"P2":                                     0x8c
  .bss                      0x1ffff000    0x8c  <Block>
    .bss           uninit   0x1ffff000     0x4  adc.o [1]
    .bss           uninit   0x1ffff004     0x4  afe.o [1]
    .bss           uninit   0x1ffff008     0x4  afe.o [1]
    .bss           uninit   0x1ffff00c     0x4  afe.o [1]
    .bss           uninit   0x1ffff010     0x4  afe.o [1]
    .bss           uninit   0x1ffff014     0x4  arm_cm0.o [1]
    .bss           uninit   0x1ffff018     0x4  cmp.o [1]
    .bss           uninit   0x1ffff01c     0x4  dma.o [1]
    .bss           uninit   0x1ffff020     0x4  dma.o [1]
    .bss           uninit   0x1ffff024     0x4  dma.o [1]
    .bss           uninit   0x1ffff028     0x4  dma.o [1]
    .bss           uninit   0x1ffff02c     0x4  gpio.o [1]
    .bss           uninit   0x1ffff030     0x4  i2c.o [1]
    .bss           uninit   0x1ffff034     0x4  irtc.o [1]
    .bss           uninit   0x1ffff038     0xc  irtc.o [1]
    .bss           uninit   0x1ffff044     0x4  llwu.o [1]
    .bss           uninit   0x1ffff048     0x4  lptmr.o [1]
    .bss           uninit   0x1ffff04c     0x4  pit.o [1]
    .bss           uninit   0x1ffff050     0x4  pmc.o [1]
    .bss           uninit   0x1ffff054     0x4  rnga.o [1]
    .bss           uninit   0x1ffff058     0x4  spi.o [1]
    .bss           uninit   0x1ffff05c     0x4  spi.o [1]
    .bss           uninit   0x1ffff060     0x4  swisr.o [1]
    .bss           uninit   0x1ffff064     0x4  swisr.o [1]
    .bss           uninit   0x1ffff068     0x4  swisr.o [1]
    .bss           uninit   0x1ffff06c     0x4  syst.o [1]
    .bss           uninit   0x1ffff070     0x4  tmr.o [1]
    .bss           uninit   0x1ffff074     0x4  tmr.o [1]
    .bss           uninit   0x1ffff078     0x4  tmr.o [1]
    .bss           uninit   0x1ffff07c     0x4  tmr.o [1]
    .bss           uninit   0x1ffff080     0x4  uart.o [1]
    .bss           uninit   0x1ffff084     0x4  uart.o [1]
    .bss           uninit   0x1ffff088     0x4  xbar.o [1]
  CodeRelocateRam           0x1ffff08c     0x0  <Block>
                          - 0x1ffff08c    0x8c



*******************************************************************************
*** MODULE SUMMARY
***

    Module        ro code  ro data  rw data
    ------        -------  -------  -------
C:\Freescale\KM128SWDRV_R4_1_6\build\iar_7_40\projects\uart_test\Release\Obj: [1]
    adc.o             160                 4
    afe.o             196                16
    arm_cm0.o                             4
    cmp.o             172                 4
    crt0.o             24
    dma.o             192                16
    fll.o             288
    ftfa.o              4
    gpio.o            492                 4
    i2c.o             436                 4
    irtc.o            776                16
    llwu.o            136                 4
    lptmr.o            24                 4
    pit.o             132                 4
    pmc.o              84                 4
    rnga.o             28                 4
    spi.o             228                 8
    start.o           108        4
    startup.o         124
    svcall_isr.o       36
    swisr.o            44                12
    syst.o             16                 4
    system.o           16      208
    tmr.o             492                16
    uart.o            684                 8
    uart_test.o       440      432
    wdog.o              4
    xbar.o             24                 4
    ---------------------------------------
    Total:          5 360      644      140

command line: [2]
    ---------------------------------------
    Total:

dl6M_tln.a: [3]
    ---------------------------------------
    Total:

rt6M_tl.a: [4]
    ABImemcpy.o        52
    ---------------------------------------
    Total:             52

-------------------------------------------
    Grand Total:    5 412      644      140


*******************************************************************************
*** ENTRY LIST
***

Entry                      Address   Size  Type      Object
-----                      -------   ----  ----      ------
.bss$$Base              0x1ffff000          --   Gb  - Linker created -
.bss$$Limit             0x1ffff08c          --   Gb  - Linker created -
.data$$Base             0x00000000          --   Gb  - Linker created -
.data_init$$Base        0x00000000          --   Gb  - Linker created -
.data_init$$Limit       0x00000000          --   Gb  - Linker created -
CodeRelocate$$Base      0x000000c0          --   Gb  - Linker created -
CodeRelocate$$Limit     0x000000c0          --   Gb  - Linker created -
CodeRelocateRam$$Base   0x1ffff08c          --   Gb  - Linker created -
CodeRelocateRam$$Limit  0x1ffff08c          --   Gb  - Linker created -
FLL_Init                0x00000f89  0x120  Code  Gb  fll.o [1]
IRTC_GetClock           0x00000411   0x8a  Code  Gb  irtc.o [1]
LLWU_GetFlags           0x00001611   0x3c  Code  Lc  llwu.o [1]
PORTD_Init              0x000009c5   0x2e  Code  Gb  gpio.o [1]
PORTF_Init              0x000009f3   0x2e  Code  Gb  gpio.o [1]
Region$$Table$$Base     0x00000000          --   Gb  - Linker created -
Region$$Table$$Limit    0x00000000          --   Gb  - Linker created -
__aeabi_memcpy4         0x00000f55         Code  Wk  ABImemcpy.o [4]
__iar_program_start     0x00001a55         Code  Gb  crt0.o [1]
__memcfg_table          0x00000400   0x10  Data  Gb  system.o [1]
__vector_table          0x00000000   0xc0  Data  Gb  system.o [1]
adc_isr                 0x00001571   0x7c  Code  Wk  adc.o [1]
afe0_isr                0x00001341   0x28  Code  Wk  afe.o [1]
afe1_isr                0x00001369   0x28  Code  Wk  afe.o [1]
afe2_isr                0x00001391   0x28  Code  Wk  afe.o [1]
afe3_isr                0x000013b9   0x28  Code  Wk  afe.o [1]
cmpx_isr                0x000014c5   0x94  Code  Wk  cmp.o [1]
default_isr             0x00001aad    0x4  Code  Wk  system.o [1]
dma0_isr                0x00001405   0x28  Code  Wk  dma.o [1]
dma1_isr                0x0000142d   0x28  Code  Wk  dma.o [1]
dma2_isr                0x00001455   0x28  Code  Wk  dma.o [1]
dma3_isr                0x0000147d   0x28  Code  Wk  dma.o [1]
ewm_isr                 0x00001863    0xa  Code  Gb  swisr.o [1]
ftfa_isr                0x00001ae1    0x4  Code  Wk  ftfa.o [1]
hardfault_isr           0x00001ab1    0x4  Code  Wk  system.o [1]
i2cx_isr                0x000010a9  0x19a  Code  Wk  i2c.o [1]
irtc_isr                0x000004b1  0x248  Code  Wk  irtc.o [1]
llwu_isr                0x0000164d   0x32  Code  Wk  llwu.o [1]
lptmr_isr               0x00001a6d   0x10  Code  Wk  lptmr.o [1]
main                    0x00000d9d  0x1b8  Code  Gb  uart_test.o [1]
mcg_isr                 0x0000186d    0xa  Code  Gb  swisr.o [1]
nmi_isr                 0x00001ab5    0x4  Code  Wk  system.o [1]
pCallback0              0x1ffff060    0x4  Data  Lc  swisr.o [1]
pCallback1              0x1ffff064    0x4  Data  Lc  swisr.o [1]
pCallback2              0x1ffff068    0x4  Data  Lc  swisr.o [1]
pCallbackADC            0x1ffff000    0x4  Data  Lc  adc.o [1]
pCallbackAFE_CH0        0x1ffff004    0x4  Data  Lc  afe.o [1]
pCallbackAFE_CH1        0x1ffff008    0x4  Data  Lc  afe.o [1]
pCallbackAFE_CH2        0x1ffff00c    0x4  Data  Lc  afe.o [1]
pCallbackAFE_CH3        0x1ffff010    0x4  Data  Lc  afe.o [1]
pCallbackCMPx           0x1ffff018    0x4  Data  Lc  cmp.o [1]
pCallbackDMA0           0x1ffff01c    0x4  Data  Lc  dma.o [1]
pCallbackDMA1           0x1ffff020    0x4  Data  Lc  dma.o [1]
pCallbackDMA2           0x1ffff024    0x4  Data  Lc  dma.o [1]
pCallbackDMA3           0x1ffff028    0x4  Data  Lc  dma.o [1]
pCallbackI2Cx           0x1ffff030    0x4  Data  Lc  i2c.o [1]
pCallbackIRTC           0x1ffff034    0x4  Data  Lc  irtc.o [1]
pCallbackLLWU           0x1ffff044    0x4  Data  Lc  llwu.o [1]
pCallbackLPTMR          0x1ffff048    0x4  Data  Lc  lptmr.o [1]
pCallbackPITx           0x1ffff04c    0x4  Data  Lc  pit.o [1]
pCallbackPMC            0x1ffff050    0x4  Data  Lc  pmc.o [1]
pCallbackPTx            0x1ffff02c    0x4  Data  Lc  gpio.o [1]
pCallbackRNGA           0x1ffff054    0x4  Data  Lc  rnga.o [1]
pCallbackSPI0           0x1ffff058    0x4  Data  Lc  spi.o [1]
pCallbackSPI1           0x1ffff05c    0x4  Data  Lc  spi.o [1]
pCallbackSVC            0x1ffff014    0x4  Data  Gb  arm_cm0.o [1]
pCallbackSYST           0x1ffff06c    0x4  Data  Lc  syst.o [1]
pCallbackTMR0           0x1ffff070    0x4  Data  Lc  tmr.o [1]
pCallbackTMR1           0x1ffff074    0x4  Data  Lc  tmr.o [1]
pCallbackTMR2           0x1ffff078    0x4  Data  Lc  tmr.o [1]
pCallbackTMR3           0x1ffff07c    0x4  Data  Lc  tmr.o [1]
pCallbackUART0_UART1    0x1ffff080    0x4  Data  Lc  uart.o [1]
pCallbackUART2_UART3    0x1ffff084    0x4  Data  Lc  uart.o [1]
pCallbackXBAR           0x1ffff088    0x4  Data  Lc  xbar.o [1]
pendsv_isr              0x00001ab9    0x4  Code  Wk  system.o [1]
pitx_isr                0x00001699   0x6c  Code  Wk  pit.o [1]
pmc_isr                 0x00001805   0x40  Code  Wk  pmc.o [1]
portx_isr               0x00000a21  0x15a  Code  Wk  gpio.o [1]
rnga_isr                0x00001a39   0x10  Code  Wk  rnga.o [1]
slcd_isr                0x00001859    0xa  Code  Gb  swisr.o [1]
spi0_isr                0x0000125d   0x4e  Code  Wk  spi.o [1]
spi1_isr                0x000012ab   0x7a  Code  Wk  spi.o [1]
start                   0x00001799   0x6c  Code  Gb  start.o [1]
startup                 0x0000171d   0x7c  Code  Gb  startup.o [1]
svcall_isr              0x00001a15         Code  Wk  svcall_isr.o [1]
syst_isr                0x00001a9d    0xa  Code  Wk  syst.o [1]
tmr0_isr                0x00000bb1   0x6a  Code  Wk  tmr.o [1]
tmr1_isr                0x00000c1d   0x6a  Code  Wk  tmr.o [1]
tmr2_isr                0x00000c89   0x6a  Code  Wk  tmr.o [1]
tmr3_isr                0x00000cf5   0x6a  Code  Wk  tmr.o [1]
uart01_isr              0x00000719  0x128  Code  Wk  uart.o [1]
uart23_isr              0x00000849  0x128  Code  Wk  uart.o [1]
wdog_isr                0x00001ae5    0x4  Code  Wk  wdog.o [1]
xbar_isr                0x00001a85   0x10  Code  Wk  xbar.o [1]


[1] = C:\Freescale\KM128SWDRV_R4_1_6\build\iar_7_40\projects\uart_test\Release\Obj
[2] = command line
[3] = dl6M_tln.a
[4] = rt6M_tl.a

  5 412 bytes of readonly  code memory
    644 bytes of readonly  data memory
    140 bytes of readwrite data memory

Errors: none
Warnings: none
